2025-10-06 16:07:44.078 25097-31780 TrafficStats            io.stillpage.app.debug               D  tagSocket(243) with statsTag=0xffffffff, statsUid=-1
2025-10-06 16:07:44.330 25097-32346 TrafficStats            io.stillpage.app.debug               D  tagSocket(246) with statsTag=0xffffffff, statsUid=-1
2025-10-06 16:07:44.583 25097-32349 TrafficStats            io.stillpage.app.debug               D  tagSocket(271) with statsTag=0xffffffff, statsUid=-1
2025-10-06 16:07:44.834 25097-31775 TrafficStats            io.stillpage.app.debug               D  tagSocket(272) with statsTag=0xffffffff, statsUid=-1
2025-10-06 16:07:45.085 25097-32388 TrafficStats            io.stillpage.app.debug               D  tagSocket(290) with statsTag=0xffffffff, statsUid=-1
2025-10-06 16:07:49.789 25097-25097 MIUIInput               io.stillpage.app.debug               I  [MotionEvent] ViewRootImpl windowName 'io.stillpage.app.debug/io.stillpage.app.ui.book.drama.info.DramaInfoActivity', { action=ACTION_DOWN, id[0]=0, pointerCount=1, eventTime=390588484, downTime=390588484, phoneEventTime=16:07:49.784 } moveCount:0
2025-10-06 16:07:49.847 25097-25097 MIUIInput               io.stillpage.app.debug               I  [MotionEvent] ViewRootImpl windowName 'io.stillpage.app.debug/io.stillpage.app.ui.book.drama.info.DramaInfoActivity', { action=ACTION_UP, id[0]=0, pointerCount=1, eventTime=390588546, downTime=390588484, phoneEventTime=16:07:49.846 } moveCount:0
2025-10-06 16:07:49.859 25097-25097 StillPage               io.stillpage.app.debug               I  AppLog DramaInfoActivity: è¯·æ±‚æ’­æ”¾çŸ­å‰§ å± æˆ·ä¹‹å­çš„ç§‘ä¸¾ä¹‹è·¯ ç¬¬1é›†
2025-10-06 16:07:49.860 25097-25097 io.stillpa...ant.AppLog io.stillpage.app.debug               E  DramaInfoActivity: è¯·æ±‚æ’­æ”¾çŸ­å‰§ å± æˆ·ä¹‹å­çš„ç§‘ä¸¾ä¹‹è·¯ ç¬¬1é›†
2025-10-06 16:07:49.862 25097-25097 StillPage               io.stillpage.app.debug               I  AppLog DramaInfoActivity: æ‰¾åˆ°ç« èŠ‚ï¼ˆå†…å­˜ï¼‰ï¼Œå¼€å§‹æ’­æ”¾ /content?item_id=7555743857279765529&source=ç•ªèŒ„&device=67766e083bb3f769&tab=çŸ­å‰§&version=4.6.29
2025-10-06 16:07:49.862 25097-25097 io.stillpa...ant.AppLog io.stillpage.app.debug               E  DramaInfoActivity: æ‰¾åˆ°ç« èŠ‚ï¼ˆå†…å­˜ï¼‰ï¼Œå¼€å§‹æ’­æ”¾ /content?item_id=7555743857279765529&source=ç•ªèŒ„&device=67766e083bb3f769&tab=çŸ­å‰§&version=4.6.29
2025-10-06 16:07:49.983 25097-31756 sourceDebug             io.stillpage.app.debug               D  â‰¡è·å–æˆåŠŸ:https://api.langge.cf/content?item_id=7555743857279765529&source=ç•ªèŒ„&device=67766e083bb3f769&tab=çŸ­å‰§&version=4.6.29
2025-10-06 16:07:49.983 25097-31756 sourceDebug             io.stillpage.app.debug               D  {"code":-1,"msg":"","time":0,"title":"","content":"","contents":null}
2025-10-06 16:07:50.004 25097-31756 sourceDebug             io.stillpage.app.debug               D  â”Œè·å–ç« èŠ‚åç§°
2025-10-06 16:07:50.004 25097-31756 sourceDebug             io.stillpage.app.debug               D  â””ç¬¬1é›†
2025-10-06 16:07:50.004 25097-31756 sourceDebug             io.stillpage.app.debug               D  â”Œè·å–æ­£æ–‡å†…å®¹
2025-10-06 16:07:50.004 25097-31756 sourceDebug             io.stillpage.app.debug               D  â””
                                                                                                    ã€å³ä¸Šè§’åˆ·æ–°ã€‘å¼€å¯æ’­æ”¾(ä¸‹ä¸€é›†è¯·åˆ‡æ¢ä¸‹ä¸€ç« åˆ·æ–°)
                                                                                                    ã€€ã€€æ’­æ”¾ç›´é“¾ï¼š
2025-10-06 16:07:50.021 25097-25097 libc                    io.stillpage.app.debug               W  Access denied finding property "vendor.gpp.create_frc_extension"
2025-10-06 16:07:50.016 25097-25097 main                    io.stillpage.app.debug               W  type=1400 audit(0.0:313235): avc:  denied  { read } for  name="u:object_r:vendor_displayfeature_prop:s0" dev="tmpfs" ino=481 scontext=u:r:untrusted_app:s0:c33,c257,c512,c768 tcontext=u:object_r:vendor_displayfeature_prop:s0 tclass=file permissive=0 app=io.stillpage.app.debug
2025-10-06 16:07:50.022 25097-25097 VRI[Toast]              io.stillpage.app.debug               D  vri.reportNextDraw android.view.ViewRootImpl.performTraversals:4936 android.view.ViewRootImpl.doTraversal:3547 android.view.ViewRootImpl$TraversalRunnable.run:11558 android.view.Choreographer$CallbackRecord.run:1747 android.view.Choreographer$CallbackRecord.run:1756 
2025-10-06 16:07:50.022 25097-25097 VRI[Toast]              io.stillpage.app.debug               D  vri.Setup new sync=wmsSync-VRI[Toast]#14
2025-10-06 16:07:50.022 25097-31631 HWUI                    io.stillpage.app.debug               D  makeCurrent grContext:0xb4000070b894a2b0 reset mTextureAvailable
2025-10-06 16:07:50.024 25097-25097 VRI[Toast]              io.stillpage.app.debug               D  vri.reportDrawFinished
2025-10-06 16:07:50.028 25097-25097 StillPage               io.stillpage.app.debug               I  LifecycleHelp DramaInfoActivity onPause
2025-10-06 16:07:50.028 25097-31634 ContentCatcher          io.stillpage.app.debug               I  SettingTrigger : unregister status observer io.stillpage.app.ui.book.drama.info.DramaInfoActivity
2025-10-06 16:07:50.061 25097-25097 StillPage               io.stillpage.app.debug               I  AppLog DramaInfoActivity: å¼€å§‹æå–è§†é¢‘æ’­æ”¾é“¾æ¥
2025-10-06 16:07:50.061 25097-25097 io.stillpa...ant.AppLog io.stillpage.app.debug               E  DramaInfoActivity: å¼€å§‹æå–è§†é¢‘æ’­æ”¾é“¾æ¥
2025-10-06 16:07:50.061 25097-25097 StillPage               io.stillpage.app.debug               I  AppLog DramaInfoActivity: æ£€æµ‹åˆ°æ’­æ”¾ç›´é“¾æ ‡è¯†ä½†æ— å®é™…é“¾æ¥ï¼Œè·³è¿‡
2025-10-06 16:07:50.061 25097-25097 io.stillpa...ant.AppLog io.stillpage.app.debug               E  DramaInfoActivity: æ£€æµ‹åˆ°æ’­æ”¾ç›´é“¾æ ‡è¯†ä½†æ— å®é™…é“¾æ¥ï¼Œè·³è¿‡
2025-10-06 16:07:50.062 25097-25097 WindowOnBackDispatcher  io.stillpage.app.debug               W  sendCancelIfRunning: isInProgress=false callback=android.view.ViewRootImpl$$ExternalSyntheticLambda12@948a3e1
2025-10-06 16:07:50.075 25097-31591 ActivityThread          io.stillpage.app.debug               I  HardwareRenderer preload  done
2025-10-06 16:07:50.079 25097-25097 StillPage               io.stillpage.app.debug               I  LifecycleHelp WebViewActivity onCreate
2025-10-06 16:07:50.080 25097-31634 ViewContentFactory      io.stillpage.app.debug               D  initViewContentFetcherClass
2025-10-06 16:07:50.080 25097-31634 ContentCatcher          io.stillpage.app.debug               I  ViewContentFetcher : ViewContentFetcher
2025-10-06 16:07:50.080 25097-31634 ViewContentFactory      io.stillpage.app.debug               D  createInterceptor took 0ms
2025-10-06 16:07:50.080 25097-31634 ContentCatcherManager   io.stillpage.app.debug               E  failed to get ContentCatcherService.
2025-10-06 16:07:50.080 25097-31634 ContentCatcherManager   io.stillpage.app.debug               E  failed to get ContentCatcherService.
2025-10-06 16:07:50.099 25097-25097 StillPage               io.stillpage.app.debug               I  LifecycleHelp WebViewActivity onStart
2025-10-06 16:07:50.099 25097-25097 WindowOnBackDispatcher  io.stillpage.app.debug               W  OnBackInvokedCallback is not enabled for the application.
                                                                                                    Set 'android:enableOnBackInvokedCallback="true"' in the application manifest.
2025-10-06 16:07:50.099 25097-25097 StillPage               io.stillpage.app.debug               I  LifecycleHelp WebViewActivity onResume
2025-10-06 16:07:50.100 25097-25097 SecurityManager         io.stillpage.app.debug               D  checkAccessControl flag0
2025-10-06 16:07:50.100 25097-31634 ContentCatcher          io.stillpage.app.debug               I  SettingTrigger : register screen QA status observer io.stillpage.app.ui.browser.WebViewActivity
2025-10-06 16:07:50.101 25097-31634 ContentCatcher          io.stillpage.app.debug               I  SettingTrigger : register global collect status observer io.stillpage.app.ui.browser.WebViewActivity
2025-10-06 16:07:50.105 25097-25097 ContentCatcher          io.stillpage.app.debug               I  Interceptor_Catcher : notifyWebView view: io.stillpage.app.ui.rss.read.VisibleWebView{38c197b VFEDHVC.. ......I. 0,0-0,0 #7f0a0622 app:id/web_view}, old Size:0, isLoad:true
2025-10-06 16:07:50.109 25097-25097 libc                    io.stillpage.app.debug               W  Access denied finding property "vendor.gpp.create_frc_extension"
2025-10-06 16:07:50.104 25097-25097 main                    io.stillpage.app.debug               W  type=1400 audit(0.0:313236): avc:  denied  { read } for  name="u:object_r:vendor_displayfeature_prop:s0" dev="tmpfs" ino=481 scontext=u:r:untrusted_app:s0:c33,c257,c512,c768 tcontext=u:object_r:vendor_displayfeature_prop:s0 tclass=file permissive=0 app=io.stillpage.app.debug
2025-10-06 16:07:50.110 25097-25097 VRI[WebViewActivity]    io.stillpage.app.debug               D  vri.reportNextDraw android.view.ViewRootImpl.performTraversals:4936 android.view.ViewRootImpl.doTraversal:3547 android.view.ViewRootImpl$TraversalRunnable.run:11558 android.view.Choreographer$CallbackRecord.run:1747 android.view.Choreographer$CallbackRecord.run:1756 
2025-10-06 16:07:50.110 25097-25097 VRI[WebViewActivity]    io.stillpage.app.debug               D  vri.Setup new sync=wmsSync-VRI[WebViewActivity]#16
2025-10-06 16:07:50.123 25097-25097 libc                    io.stillpage.app.debug               W  Access denied finding property "vendor.migl.debug"
2025-10-06 16:07:50.123 25097-25097 libMiGL                 io.stillpage.app.debug               D  SuperResolution SR initSR mBaseSRWidthSize: 0, mBaseSRHeightSize: 0, mTargetSRWidthSize: 0, mTargetSRHeightSize: 0
2025-10-06 16:07:50.123 25097-25097 libMiGL                 io.stillpage.app.debug               I  EnableDR: 0
2025-10-06 16:07:50.123 25097-25097 libMiGL                 io.stillpage.app.debug               D  mDFIInterval: -1
2025-10-06 16:07:50.124 25097-25097 Adreno-UNKNOWN          io.stillpage.app.debug               I  Using previously loaded IMapper library.
2025-10-06 16:07:50.126 25097-25097 Adreno-UNKNOWN          io.stillpage.app.debug               I  Using previously loaded IMapper library.
2025-10-06 16:07:50.127 25097-25097 AdrenoVK-0              io.stillpage.app.debug               I  QUALCOMM build          : e1e25c2793, I95c8bc5752
                                                                                                    Build Date              : 12/03/24
                                                                                                    Shader Compiler Version : E031.47.18.13
                                                                                                    Local Branch            : 
                                                                                                    Remote Branch           : refs/tags/AU_LINUX_ANDROID_LA.VENDOR.15.4.0.11.00.00.1088.540
                                                                                                    Remote Branch           : NONE
                                                                                                    Reconstruct Branch      : NOTHING
2025-10-06 16:07:50.127 25097-25097 AdrenoVK-0              io.stillpage.app.debug               I  Build Config            : S P 18.0.0 AArch64
2025-10-06 16:07:50.127 25097-25097 AdrenoVK-0              io.stillpage.app.debug               I  Driver Path             : /vendor/lib64/hw/vulkan.adreno.so
2025-10-06 16:07:50.127 25097-25097 AdrenoVK-0              io.stillpage.app.debug               I  Driver Version          : 0800.21
2025-10-06 16:07:50.127 25097-25097 AdrenoVK-0              io.stillpage.app.debug               I  PFP                     : 0x01500264
2025-10-06 16:07:50.127 25097-25097 AdrenoVK-0              io.stillpage.app.debug               I  ME                      : 0x01500012
2025-10-06 16:07:50.127 25097-25097 AdrenoVK-0              io.stillpage.app.debug               I  Application Name    : 
                                                                                                    Application Version : 0x00000001
                                                                                                    Engine Name         : 
                                                                                                    Engine Version      : 0x00000001
                                                                                                    Api Version         : 0x00403000
2025-10-06 16:07:50.130 25097-25097 AdrenoGLES-0            io.stillpage.app.debug               I  QUALCOMM build                   : e1e25c2793, I95c8bc5752
                                                                                                    Build Date                       : 12/03/24
                                                                                                    OpenGL ES Shader Compiler Version: E031.47.18.13
                                                                                                    Local Branch                     : 
                                                                                                    Remote Branch                    : refs/tags/AU_LINUX_ANDROID_LA.VENDOR.15.4.0.11.00.00.1088.540
                                                                                                    Remote Branch                    : NONE
                                                                                                    Reconstruct Branch               : NOTHING
2025-10-06 16:07:50.130 25097-25097 AdrenoGLES-0            io.stillpage.app.debug               I  Build Config                     : S P 18.0.0 AArch64
2025-10-06 16:07:50.130 25097-25097 AdrenoGLES-0            io.stillpage.app.debug               I  Driver Path                      : /vendor/lib64/egl/libGLESv2_adreno.so
2025-10-06 16:07:50.130 25097-25097 AdrenoGLES-0            io.stillpage.app.debug               I  Driver Version                   : 0800.21
2025-10-06 16:07:50.130 25097-25097 AdrenoGLES-0            io.stillpage.app.debug               I  Process Name                     : io.stillpage.app.debug
2025-10-06 16:07:50.131 25097-25097 AdrenoGLES-0            io.stillpage.app.debug               I  PFP: 0x01500264, ME: 0x01500012
2025-10-06 16:07:50.139 25097-31631 HWUI                    io.stillpage.app.debug               D  makeCurrent grContext:0xb4000070b894a2b0 reset mTextureAvailable
2025-10-06 16:07:50.140  4578-5491  ActivityManagerWrapper  com.miui.home                        E  getRecentTasksForceIncludingTaskIdIfValid: getRecentTasks: size=2
                                                                                                     mainTaskId=1826   userId=0   windowMode=1   baseIntent=Intent { act=android.intent.action.MAIN flag=270532608 cmp=ComponentInfo{io.stillpage.app.debug/io.stillpage.app.ui.welcome.WelcomeActivity} }
                                                                                                     mainTaskId=1698   userId=0   windowMode=1   baseIntent=Intent { act=android.intent.action.MAIN flag=270532608 cmp=ComponentInfo{com.tencent.mm/com.tencent.mm.ui.LauncherUI} }
2025-10-06 16:07:50.141 25097-25097 VRI[WebViewActivity]    io.stillpage.app.debug               D  vri.reportDrawFinished
2025-10-06 16:07:50.164 25097-32628 Adreno-UNKNOWN          io.stillpage.app.debug               I  Using previously loaded IMapper library.
2025-10-06 16:07:50.168 25097-32628 Adreno-UNKNOWN          io.stillpage.app.debug               I  Using previously loaded IMapper library.
2025-10-06 16:07:50.169 25097-31661 cr_media                io.stillpage.app.debug               W  BLUETOOTH_CONNECT permission is missing.
2025-10-06 16:07:50.170 25097-31661 cr_media                io.stillpage.app.debug               W  getBluetoothAdapter() requires BLUETOOTH permission
2025-10-06 16:07:50.170 25097-31661 cr_media                io.stillpage.app.debug               W  registerBluetoothIntentsIfNeeded: Requires BLUETOOTH permission
2025-10-06 16:07:50.172 25097-32628 AdrenoVK-0              io.stillpage.app.debug               I  QUALCOMM build          : e1e25c2793, I95c8bc5752
                                                                                                    Build Date              : 12/03/24
                                                                                                    Shader Compiler Version : E031.47.18.13
                                                                                                    Local Branch            : 
                                                                                                    Remote Branch           : refs/tags/AU_LINUX_ANDROID_LA.VENDOR.15.4.0.11.00.00.1088.540
                                                                                                    Remote Branch           : NONE
                                                                                                    Reconstruct Branch      : NOTHING
2025-10-06 16:07:50.172 25097-32628 AdrenoVK-0              io.stillpage.app.debug               I  Build Config            : S P 18.0.0 AArch64
2025-10-06 16:07:50.172 25097-32628 AdrenoVK-0              io.stillpage.app.debug               I  Driver Path             : /vendor/lib64/hw/vulkan.adreno.so
2025-10-06 16:07:50.172 25097-32628 AdrenoVK-0              io.stillpage.app.debug               I  Driver Version          : 0800.21
2025-10-06 16:07:50.172 25097-32628 AdrenoVK-0              io.stillpage.app.debug               I  PFP                     : 0x01500264
2025-10-06 16:07:50.172 25097-32628 AdrenoVK-0              io.stillpage.app.debug               I  ME                      : 0x01500012
2025-10-06 16:07:50.172 25097-32628 AdrenoVK-0              io.stillpage.app.debug               I  Application Name    : Chromium
                                                                                                    Application Version : 0x00000000
                                                                                                    Engine Name         : (null)
                                                                                                    Engine Version      : 0x00000000
                                                                                                    Api Version         : 0x00401000
2025-10-06 16:07:50.180  4578-5491  ActivityManagerWrapper  com.miui.home                        E  getRecentTasksForceIncludingTaskIdIfValid: getRecentTasks: size=2
                                                                                                     mainTaskId=1826   userId=0   windowMode=1   baseIntent=Intent { act=android.intent.action.MAIN flag=270532608 cmp=ComponentInfo{io.stillpage.app.debug/io.stillpage.app.ui.welcome.WelcomeActivity} }
                                                                                                     mainTaskId=1698   userId=0   windowMode=1   baseIntent=Intent { act=android.intent.action.MAIN flag=270532608 cmp=ComponentInfo{com.tencent.mm/com.tencent.mm.ui.LauncherUI} }
2025-10-06 16:07:50.183 25097-25097 HandWritingStubImpl     io.stillpage.app.debug               I  refreshLastKeyboardType: 1
2025-10-06 16:07:50.183 25097-25097 HandWritingStubImpl     io.stillpage.app.debug               I  getCurrentKeyboardType: 1
2025-10-06 16:07:50.187 13063-13063 BaseInputMethodService  com.sohu.inputmethod.sogou.xiaomi    E  onStartInput app:io.stillpage.app.debug restarting:false
2025-10-06 16:07:50.233 25097-25097 StillPage               io.stillpage.app.debug               I  AppLog DramaInfoActivity: å¼€å§‹æå–è§†é¢‘æ’­æ”¾é“¾æ¥
2025-10-06 16:07:50.233 25097-25097 io.stillpa...ant.AppLog io.stillpage.app.debug               E  DramaInfoActivity: å¼€å§‹æå–è§†é¢‘æ’­æ”¾é“¾æ¥
2025-10-06 16:07:50.233 25097-25097 StillPage               io.stillpage.app.debug               I  AppLog DramaInfoActivity: æœªæ‰¾åˆ°æœ‰æ•ˆçš„è§†é¢‘æ’­æ”¾é“¾æ¥
2025-10-06 16:07:50.233 25097-25097 io.stillpa...ant.AppLog io.stillpage.app.debug               E  DramaInfoActivity: æœªæ‰¾åˆ°æœ‰æ•ˆçš„è§†é¢‘æ’­æ”¾é“¾æ¥
2025-10-06 16:07:50.237 25097-31668 AudioCapabilities       io.stillpage.app.debug               W  Unsupported mime audio/alac
2025-10-06 16:07:50.238 25097-31668 AudioCapabilities       io.stillpage.app.debug               W  Unsupported mime audio/x-ape
2025-10-06 16:07:50.238 25097-31668 AudioCapabilities       io.stillpage.app.debug               W  Unsupported mime audio/dsd
2025-10-06 16:07:50.239 25097-31668 AudioCapabilities       io.stillpage.app.debug               W  Unsupported mime audio/amr-wb-plus
2025-10-06 16:07:50.239 25097-31668 AudioCapabilities       io.stillpage.app.debug               W  Unsupported mime audio/amr-wb+
2025-10-06 16:07:50.239 25097-31668 AudioCapabilities       io.stillpage.app.debug               W  Unsupported mime audio/x-ms-wma
2025-10-06 16:07:50.239 25097-31668 AudioCapabilities       io.stillpage.app.debug               W  Unsupported mime audio/alac
2025-10-06 16:07:50.239 25097-31668 AudioCapabilities       io.stillpage.app.debug               W  Unsupported mime audio/x-ape
2025-10-06 16:07:50.257 25097-31668 VideoCapabilities       io.stillpage.app.debug               W  Unsupported mime image/vnd.android.heic
2025-10-06 16:07:50.257 25097-31668 VideoCapabilities       io.stillpage.app.debug               W  Unsupported mime image/vnd.android.heic
2025-10-06 16:07:50.257 25097-31668 VideoCapabilities       io.stillpage.app.debug               W  Unsupported mime video/dolby-vision
2025-10-06 16:07:50.257 25097-31668 VideoCapabilities       io.stillpage.app.debug               W  Unsupported mime video/dolby-vision
2025-10-06 16:07:50.266 25097-31668 cr_VAUtil               io.stillpage.app.debug               W  Unknown level: 2048 for profile 32 of codec video/dolby-vision
2025-10-06 16:07:50.266 25097-31668 cr_VAUtil               io.stillpage.app.debug               W  Unknown level: 2048 for profile 256 of codec video/dolby-vision
2025-10-06 16:07:50.266 25097-31668 cr_VAUtil               io.stillpage.app.debug               W  Unknown level: 2048 for profile 32 of codec video/dolby-vision
2025-10-06 16:07:50.266 25097-31668 cr_VAUtil               io.stillpage.app.debug               W  Unknown level: 2048 for profile 256 of codec video/dolby-vision
2025-10-06 16:07:50.346 25097-32628 AHardwareBuffer         io.stillpage.app.debug               I  proc name :io.stillpage.app.debug
2025-10-06 16:07:50.412 25097-32628 AHardwareBuffer         io.stillpage.app.debug               I  proc name :io.stillpage.app.debug
2025-10-06 16:07:50.421 25097-32628 AHardwareBuffer         io.stillpage.app.debug               I  proc name :io.stillpage.app.debug
2025-10-06 16:07:50.425 25097-32628 AHardwareBuffer         io.stillpage.app.debug               I  proc name :io.stillpage.app.debug
2025-10-06 16:07:50.426 25097-32628 AHardwareBuffer         io.stillpage.app.debug               I  proc name :io.stillpage.app.debug
2025-10-06 16:07:50.427 25097-32628 AHardwareBuffer         io.stillpage.app.debug               I  proc name :io.stillpage.app.debug
2025-10-06 16:07:50.427 25097-32628 AHardwareBuffer         io.stillpage.app.debug               I  proc name :io.stillpage.app.debug
2025-10-06 16:07:50.435 25097-32628 AHardwareBuffer         io.stillpage.app.debug               I  proc name :io.stillpage.app.debug
2025-10-06 16:07:50.436 25097-32628 AHardwareBuffer         io.stillpage.app.debug               I  proc name :io.stillpage.app.debug
2025-10-06 16:07:50.436 25097-32628 AHardwareBuffer         io.stillpage.app.debug               I  proc name :io.stillpage.app.debug
2025-10-06 16:07:50.441 25097-32628 AHardwareBuffer         io.stillpage.app.debug               I  proc name :io.stillpage.app.debug
2025-10-06 16:07:50.442 25097-32628 AHardwareBuffer         io.stillpage.app.debug               I  proc name :io.stillpage.app.debug
2025-10-06 16:07:50.442 25097-32628 AHardwareBuffer         io.stillpage.app.debug               I  proc name :io.stillpage.app.debug
2025-10-06 16:07:50.442 25097-32628 AHardwareBuffer         io.stillpage.app.debug               I  proc name :io.stillpage.app.debug
2025-10-06 16:07:50.446 25097-32628 AHardwareBuffer         io.stillpage.app.debug               I  proc name :io.stillpage.app.debug
2025-10-06 16:07:50.447 25097-32628 AHardwareBuffer         io.stillpage.app.debug               I  proc name :io.stillpage.app.debug
2025-10-06 16:07:50.447 25097-32628 AHardwareBuffer         io.stillpage.app.debug               I  proc name :io.stillpage.app.debug
2025-10-06 16:07:50.447 25097-32628 AHardwareBuffer         io.stillpage.app.debug               I  proc name :io.stillpage.app.debug
2025-10-06 16:07:50.458 25097-32628 AHardwareBuffer         io.stillpage.app.debug               I  proc name :io.stillpage.app.debug
2025-10-06 16:07:50.459 25097-32628 AHardwareBuffer         io.stillpage.app.debug               I  proc name :io.stillpage.app.debug
2025-10-06 16:07:50.459 25097-32628 AHardwareBuffer         io.stillpage.app.debug               I  proc name :io.stillpage.app.debug
2025-10-06 16:07:50.460 25097-32628 AHardwareBuffer         io.stillpage.app.debug               I  proc name :io.stillpage.app.debug
2025-10-06 16:07:50.460 25097-32628 AHardwareBuffer         io.stillpage.app.debug               I  proc name :io.stillpage.app.debug
2025-10-06 16:07:50.461 25097-32628 AHardwareBuffer         io.stillpage.app.debug               I  proc name :io.stillpage.app.debug
2025-10-06 16:07:50.461 25097-32628 AHardwareBuffer         io.stillpage.app.debug               I  proc name :io.stillpage.app.debug
2025-10-06 16:07:50.461 25097-32628 AHardwareBuffer         io.stillpage.app.debug               I  proc name :io.stillpage.app.debug
2025-10-06 16:07:50.579 25097-32628 AHardwareBuffer         io.stillpage.app.debug               I  proc name :io.stillpage.app.debug
2025-10-06 16:07:50.580 25097-32628 AHardwareBuffer         io.stillpage.app.debug               I  proc name :io.stillpage.app.debug
2025-10-06 16:07:50.605 25097-32628 AHardwareBuffer         io.stillpage.app.debug               I  proc name :io.stillpage.app.debug
2025-10-06 16:07:50.606 25097-32628 AHardwareBuffer         io.stillpage.app.debug               I  proc name :io.stillpage.app.debug
2025-10-06 16:07:50.606 25097-32628 AHardwareBuffer         io.stillpage.app.debug               I  proc name :io.stillpage.app.debug
2025-10-06 16:07:50.663 25097-25097 StillPage               io.stillpage.app.debug               I  LifecycleHelp DramaInfoActivity onStop
2025-10-06 16:07:50.664 25097-25097 StillPage               io.stillpage.app.debug               I  LifecycleHelp DramaInfoActivity onSaveInstanceState
2025-10-06 16:07:50.680 25097-25097 StillPage               io.stillpage.app.debug               I  AppLog DramaInfoActivity: å¼€å§‹æå–è§†é¢‘æ’­æ”¾é“¾æ¥
2025-10-06 16:07:50.680 25097-25097 io.stillpa...ant.AppLog io.stillpage.app.debug               E  DramaInfoActivity: å¼€å§‹æå–è§†é¢‘æ’­æ”¾é“¾æ¥
2025-10-06 16:07:50.680 25097-25097 StillPage               io.stillpage.app.debug               I  AppLog DramaInfoActivity: æœªæ‰¾åˆ°æœ‰æ•ˆçš„è§†é¢‘æ’­æ”¾é“¾æ¥
2025-10-06 16:07:50.681 25097-25097 io.stillpa...ant.AppLog io.stillpage.app.debug               E  DramaInfoActivity: æœªæ‰¾åˆ°æœ‰æ•ˆçš„è§†é¢‘æ’­æ”¾é“¾æ¥
2025-10-06 16:07:50.681 25097-25097 StillPage               io.stillpage.app.debug               I  AppLog DramaInfoActivity: playChapterInWebView -> https://api.langge.cf/content?item_id=7555743857279765529&source=ç•ªèŒ„&device=67766e083bb3f769&tab=çŸ­å‰§&version=4.6.29
2025-10-06 16:07:50.681 25097-25097 io.stillpa...ant.AppLog io.stillpage.app.debug               E  DramaInfoActivity: playChapterInWebView -> https://api.langge.cf/content?item_id=7555743857279765529&source=ç•ªèŒ„&device=67766e083bb3f769&tab=çŸ­å‰§&version=4.6.29
2025-10-06 16:07:50.690 25097-25097 StillPage               io.stillpage.app.debug               I  LifecycleHelp WebViewActivity onPause
2025-10-06 16:07:50.691 25097-31634 ContentCatcher          io.stillpage.app.debug               I  SettingTrigger : unregister status observer io.stillpage.app.ui.browser.WebViewActivity
2025-10-06 16:07:50.725 25097-31591 ActivityThread          io.stillpage.app.debug               I  HardwareRenderer preload  done
2025-10-06 16:07:50.729 25097-25097 StillPage               io.stillpage.app.debug               I  LifecycleHelp VideoPlayActivity onCreate
2025-10-06 16:07:50.729 25097-31634 ViewContentFactory      io.stillpage.app.debug               D  initViewContentFetcherClass
2025-10-06 16:07:50.729 25097-31634 ContentCatcher          io.stillpage.app.debug               I  ViewContentFetcher : ViewContentFetcher
2025-10-06 16:07:50.729 25097-31634 ViewContentFactory      io.stillpage.app.debug               D  createInterceptor took 0ms
2025-10-06 16:07:50.730 25097-31634 ContentCatcherManager   io.stillpage.app.debug               E  failed to get ContentCatcherService.
2025-10-06 16:07:50.730 25097-31634 ContentCatcherManager   io.stillpage.app.debug               E  failed to get ContentCatcherService.
2025-10-06 16:07:50.740 25097-25097 ScrollerOp...ionManager io.stillpage.app.debug               D  registerConfigChangedListener
2025-10-06 16:07:50.746 25097-25097 ScrollerOp...ionManager io.stillpage.app.debug               D  registerConfigChangedListener
2025-10-06 16:07:50.756 25097-25097 ExoPlayerImpl           io.stillpage.app.debug               I  Init 1984eac [AndroidXMedia3/1.6.1] [miro, 24122RKC7C, Xiaomi, 35]
2025-10-06 16:07:50.762 25097-25097 lpage.app.debug         io.stillpage.app.debug               W  Accessing hidden method Landroid/media/AudioTrack;->getLatency()I (unsupported, reflection, allowed)
2025-10-06 16:07:50.772 25097-25097 StillPage               io.stillpage.app.debug               I  LifecycleHelp VideoPlayActivity onStart
2025-10-06 16:07:50.773 25097-25097 WindowOnBackDispatcher  io.stillpage.app.debug               W  OnBackInvokedCallback is not enabled for the application.
                                                                                                    Set 'android:enableOnBackInvokedCallback="true"' in the application manifest.
2025-10-06 16:07:50.773 25097-25097 StillPage               io.stillpage.app.debug               I  LifecycleHelp VideoPlayActivity onResume
2025-10-06 16:07:50.773 25097-25097 SecurityManager         io.stillpage.app.debug               D  checkAccessControl flag0
2025-10-06 16:07:50.775 25097-31634 ContentCatcher          io.stillpage.app.debug               I  SettingTrigger : register screen QA status observer io.stillpage.app.ui.book.video.VideoPlayActivity
2025-10-06 16:07:50.775 25097-31634 ContentCatcher          io.stillpage.app.debug               I  SettingTrigger : register global collect status observer io.stillpage.app.ui.book.video.VideoPlayActivity
2025-10-06 16:07:50.789 25097-25097 libc                    io.stillpage.app.debug               W  Access denied finding property "vendor.gpp.create_frc_extension"
2025-10-06 16:07:50.784 25097-25097 main                    io.stillpage.app.debug               W  type=1400 audit(0.0:313237): avc:  denied  { read } for  name="u:object_r:vendor_displayfeature_prop:s0" dev="tmpfs" ino=481 scontext=u:r:untrusted_app:s0:c33,c257,c512,c768 tcontext=u:object_r:vendor_displayfeature_prop:s0 tclass=file permissive=0 app=io.stillpage.app.debug
2025-10-06 16:07:50.789 25097-25097 VRI[VideoPlayActivity]  io.stillpage.app.debug               D  vri.reportNextDraw android.view.ViewRootImpl.performTraversals:4936 android.view.ViewRootImpl.doTraversal:3547 android.view.ViewRootImpl$TraversalRunnable.run:11558 android.view.Choreographer$CallbackRecord.run:1747 android.view.Choreographer$CallbackRecord.run:1756 
2025-10-06 16:07:50.789 25097-25097 SurfaceView             io.stillpage.app.debug               D  UPDATE null, mIsCastMode = false
2025-10-06 16:07:50.784 25097-25097 main                    io.stillpage.app.debug               W  type=1400 audit(0.0:313238): avc:  denied  { read } for  name="u:object_r:vendor_displayfeature_prop:s0" dev="tmpfs" ino=481 scontext=u:r:untrusted_app:s0:c33,c257,c512,c768 tcontext=u:object_r:vendor_displayfeature_prop:s0 tclass=file permissive=0 app=io.stillpage.app.debug
2025-10-06 16:07:50.790 25097-25097 libc                    io.stillpage.app.debug               W  Access denied finding property "vendor.gpp.create_frc_extension"
2025-10-06 16:07:50.791 25097-25097 VRI[VideoPlayActivity]  io.stillpage.app.debug               D  vri.Setup new sync=wmsSync-VRI[VideoPlayActivity]#19
2025-10-06 16:07:50.791 25097-31631 HWUI                    io.stillpage.app.debug               D  makeCurrent grContext:0xb4000070b894a2b0 reset mTextureAvailable
2025-10-06 16:07:50.794 25097-25097 VRI[VideoPlayActivity]  io.stillpage.app.debug               D  vri.reportDrawFinished
2025-10-06 16:07:50.798 25097-25097 SurfaceView             io.stillpage.app.debug               D  UPDATE Surface(name=SurfaceView[io.stillpage.app.debug/io.stillpage.app.ui.book.video.VideoPlayActivity]#90772)/@0xe4cf799, mIsProjectionMode = false
2025-10-06 16:07:50.801 25097-32662 ViewRootImplStubImpl    io.stillpage.app.debug               D  requestedTypes: 3
2025-10-06 16:07:50.801 25097-25097 VRI[VideoPlayActivity]  io.stillpage.app.debug               D  vri.reportNextDraw android.view.ViewRootImpl.handleResized:2768 android.view.ViewRootImpl.-$$Nest$mhandleResized:0 android.view.ViewRootImpl$W.resized:12716 android.app.servertransaction.WindowStateResizeItem.execute:64 android.app.servertransaction.WindowStateTransactionItem.execute:59 
2025-10-06 16:07:50.802 25097-25097 VRI[VideoPlayActivity]  io.stillpage.app.debug               D  vri.Setup new sync=wmsSync-VRI[VideoPlayActivity]#21
2025-10-06 16:07:50.806 25097-25097 VRI[VideoPlayActivity]  io.stillpage.app.debug               D  vri.reportDrawFinished
2025-10-06 16:07:50.836  4578-5491  ActivityManagerWrapper  com.miui.home                        E  getRecentTasksForceIncludingTaskIdIfValid: getRecentTasks: size=2
                                                                                                     mainTaskId=1826   userId=0   windowMode=1   baseIntent=Intent { act=android.intent.action.MAIN flag=270532608 cmp=ComponentInfo{io.stillpage.app.debug/io.stillpage.app.ui.welcome.WelcomeActivity} }
                                                                                                     mainTaskId=1698   userId=0   windowMode=1   baseIntent=Intent { act=android.intent.action.MAIN flag=270532608 cmp=ComponentInfo{com.tencent.mm/com.tencent.mm.ui.LauncherUI} }
2025-10-06 16:07:50.844 25097-25097 HandWritingStubImpl     io.stillpage.app.debug               I  refreshLastKeyboardType: 1
2025-10-06 16:07:50.844 25097-25097 HandWritingStubImpl     io.stillpage.app.debug               I  getCurrentKeyboardType: 1
2025-10-06 16:07:50.889 25097-31756 StillPage               io.stillpage.app.debug               I  AppLog VideoPlayActivity: é¢„æ£€HEADéåª’ä½“Content-Type=application/json; charset=utf-8ï¼Œç»§ç»­å°è¯•Range
2025-10-06 16:07:50.889 25097-31756 io.stillpa...ant.AppLog io.stillpage.app.debug               E  VideoPlayActivity: é¢„æ£€HEADéåª’ä½“Content-Type=application/json; charset=utf-8ï¼Œç»§ç»­å°è¯•Range
2025-10-06 16:07:50.901  4578-5491  ActivityManagerWrapper  com.miui.home                        E  getRecentTasksForceIncludingTaskIdIfValid: getRecentTasks: size=2
                                                                                                     mainTaskId=1826   userId=0   windowMode=1   baseIntent=Intent { act=android.intent.action.MAIN flag=270532608 cmp=ComponentInfo{io.stillpage.app.debug/io.stillpage.app.ui.welcome.WelcomeActivity} }
                                                                                                     mainTaskId=1698   userId=0   windowMode=1   baseIntent=Intent { act=android.intent.action.MAIN flag=270532608 cmp=ComponentInfo{com.tencent.mm/com.tencent.mm.ui.LauncherUI} }
2025-10-06 16:07:50.905 13063-13063 BaseInputMethodService  com.sohu.inputmethod.sogou.xiaomi    E  onStartInput app:io.stillpage.app.debug restarting:false
2025-10-06 16:07:51.152 25097-32662 InteractionJankMonitor  io.stillpage.app.debug               W  Initializing without READ_DEVICE_CONFIG permission. enabled=false, interval=1, missedFrameThreshold=3, frameTimeThreshold=64, package=io.stillpage.app.debug
2025-10-06 16:07:51.231 25097-25097 chromium                io.stillpage.app.debug               I  [INFO:CONSOLE:1182] "ä¸‹ä¸€é›†é¢„åŠ è½½å®Œæˆ", source: http://113.45.175.112:8888/online_video?book_id=NzU1NTc0MTAwODA1NTUyMDI4MQ&source=%E7%95%AA%E8%8C%84&tab=%E7%9F%AD%E5%89%A7 (1182)
2025-10-06 16:07:51.318 25097-31756 StillPage               io.stillpage.app.debug               I  AppLog VideoPlayActivity: é¢„æ£€Rangeéåª’ä½“Content-Type=application/json; charset=utf-8ï¼Œåˆ¤å®šéç›´é“¾
2025-10-06 16:07:51.318 25097-31756 io.stillpa...ant.AppLog io.stillpage.app.debug               E  VideoPlayActivity: é¢„æ£€Rangeéåª’ä½“Content-Type=application/json; charset=utf-8ï¼Œåˆ¤å®šéç›´é“¾
2025-10-06 16:07:51.344 25097-25097 VRI[WebViewActivity]    io.stillpage.app.debug               D  visibilityChanged oldVisibility=true newVisibility=false
2025-10-06 16:07:51.355 25097-25097 StillPage               io.stillpage.app.debug               I  LifecycleHelp WebViewActivity onStop
2025-10-06 16:07:51.356 25097-25097 StillPage               io.stillpage.app.debug               I  LifecycleHelp WebViewActivity onSaveInstanceState
2025-10-06 16:07:55.116 25097-32394 TrafficStats            io.stillpage.app.debug               D  tagSocket(102) with statsTag=0xffffffff, statsUid=-1
2025-10-06 16:07:55.368 25097-32388 TrafficStats            io.stillpage.app.debug               D  tagSocket(176) with statsTag=0xffffffff, statsUid=-1
2025-10-06 16:07:55.618 25097-31775 TrafficStats            io.stillpage.app.debug               D  tagSocket(241) with statsTag=0xffffffff, statsUid=-1
2025-10-06 16:07:55.870 25097-32349 TrafficStats            io.stillpage.app.debug               D  tagSocket(243) with statsTag=0xffffffff, statsUid=-1
2025-10-06 16:07:56.121 25097-32346 TrafficStats            io.stillpage.app.debug               D  tagSocket(246) with statsTag=0xffffffff, statsUid=-1
2025-10-06 16:07:56.373 25097-31780 TrafficStats            io.stillpage.app.debug               D  tagSocket(271) with statsTag=0xffffffff, statsUid=-1
2025-10-06 16:07:56.626 25097-31836 TrafficStats            io.stillpage.app.debug               D  tagSocket(272) with statsTag=0xffffffff, statsUid=-1
2025-10-06 16:07:56.877 25097-31837 TrafficStats            io.stillpage.app.debug               D  tagSocket(282) with statsTag=0xffffffff, statsUid=-1
2025-10-06 16:07:57.130 25097-32509 TrafficStats            io.stillpage.app.debug               D  tagSocket(290) with statsTag=0xffffffff, statsUid=-1
2025-10-06 16:08:07.164 25097-32541 TrafficStats            io.stillpage.app.debug               D  tagSocket(102) with statsTag=0xffffffff, statsUid=-1
2025-10-06 16:08:07.417 25097-32509 TrafficStats            io.stillpage.app.debug               D  tagSocket(176) with statsTag=0xffffffff, statsUid=-1
2025-10-06 16:08:07.669 25097-31837 TrafficStats            io.stillpage.app.debug               D  tagSocket(241) with statsTag=0xffffffff, statsUid=-1
2025-10-06 16:08:07.921 25097-31836 TrafficStats            io.stillpage.app.debug               D  tagSocket(243) with statsTag=0xffffffff, statsUid=-1
2025-10-06 16:08:08.171 25097-31780 TrafficStats            io.stillpage.app.debug               D  tagSocket(246) with statsTag=0xffffffff, statsUid=-1
2025-10-06 16:08:08.424 25097-32346 TrafficStats            io.stillpage.app.debug               D  tagSocket(271) with statsTag=0xffffffff, statsUid=-1
2025-10-06 16:08:08.677 25097-32349 TrafficStats            io.stillpage.app.debug               D  tagSocket(272) with statsTag=0xffffffff, statsUid=-1
2025-10-06 16:08:08.928 25097-31775 TrafficStats            io.stillpage.app.debug               D  tagSocket(282) with statsTag=0xffffffff, statsUid=-1
2025-10-06 16:08:09.180 25097-32388 TrafficStats            io.stillpage.app.debug               D  tagSocket(290) with statsTag=0xffffffff, statsUid=-1
2025-10-06 16:08:19.203 25097-32394 TrafficStats            io.stillpage.app.debug               D  tagSocket(102) with statsTag=0xffffffff, statsUid=-1
2025-10-06 16:08:19.454 25097-32388 TrafficStats            io.stillpage.app.debug               D  tagSocket(176) with statsTag=0xffffffff, statsUid=-1
2025-10-06 16:08:19.705 25097-31775 TrafficStats            io.stillpage.app.debug               D  tagSocket(241) with statsTag=0xffffffff, statsUid=-1
2025-10-06 16:08:19.957 25097-32349 TrafficStats            io.stillpage.app.debug               D  tagSocket(243) with statsTag=0xffffffff, statsUid=-1
2025-10-06 16:08:20.209 25097-32346 TrafficStats            io.stillpage.app.debug               D  tagSocket(246) with statsTag=0xffffffff, statsUid=-1
2025-10-06 16:08:20.459 25097-31780 TrafficStats            io.stillpage.app.debug               D  tagSocket(271) with statsTag=0xffffffff, statsUid=-1
2025-10-06 16:08:20.711 25097-31836 TrafficStats            io.stillpage.app.debug               D  tagSocket(272) with statsTag=0xffffffff, statsUid=-1
2025-10-06 16:08:20.963 25097-31837 TrafficStats            io.stillpage.app.debug               D  tagSocket(282) with statsTag=0xffffffff, statsUid=-1
2025-10-06 16:08:21.213 25097-32509 TrafficStats            io.stillpage.app.debug               D  tagSocket(290) with statsTag=0xffffffff, statsUid=-1
2025-10-06 16:08:26.169 25097-25097 MIUIInput               io.stillpage.app.debug               I  [MotionEvent] ViewRootImpl windowName 'io.stillpage.app.debug/io.stillpage.app.ui.book.video.VideoPlayActivity', { action=ACTION_DOWN, id[0]=0, pointerCount=1, eventTime=390624865, downTime=390624865, phoneEventTime=16:08:26.166 } moveCount:0
2025-10-06 16:08:26.254 25097-25097 MIUIInput               io.stillpage.app.debug               I  [MotionEvent] ViewRootImpl windowName 'io.stillpage.app.debug/io.stillpage.app.ui.book.video.VideoPlayActivity', { action=ACTION_UP, id[0]=0, pointerCount=1, eventTime=390624952, downTime=390624865, phoneEventTime=16:08:26.253 } moveCount:0
2025-10-06 16:08:27.173 25097-25097 MIUIInput               io.stillpage.app.debug               I  [MotionEvent] ViewRootImpl windowName 'io.stillpage.app.debug/io.stillpage.app.ui.book.video.VideoPlayActivity', { action=ACTION_DOWN, id[0]=0, pointerCount=1, eventTime=390625870, downTime=390625870, phoneEventTime=16:08:27.170 } moveCount:0
2025-10-06 16:08:27.245 25097-25097 MIUIInput               io.stillpage.app.debug               I  [MotionEvent] ViewRootImpl windowName 'io.stillpage.app.debug/io.stillpage.app.ui.book.video.VideoPlayActivity', { action=ACTION_UP, id[0]=0, pointerCount=1, eventTime=390625943, downTime=390625870, phoneEventTime=16:08:27.243 } moveCount:0
2025-10-06 16:08:27.975 25097-25097 MIUIInput               io.stillpage.app.debug               I  [MotionEvent] ViewRootImpl windowName 'io.stillpage.app.debug/io.stillpage.app.ui.book.video.VideoPlayActivity', { action=ACTION_DOWN, id[0]=0, pointerCount=1, eventTime=390626671, downTime=390626671, phoneEventTime=16:08:27.971 } moveCount:0
2025-10-06 16:08:28.059 25097-25097 MIUIInput               io.stillpage.app.debug               I  [MotionEvent] ViewRootImpl windowName 'io.stillpage.app.debug/io.stillpage.app.ui.book.video.VideoPlayActivity', { action=ACTION_UP, id[0]=0, pointerCount=1, eventTime=390626757, downTime=390626671, phoneEventTime=16:08:28.057 } moveCount:5
2025-10-06 16:08:28.191 25097-25097 MIUIInput               io.stillpage.app.debug               I  [MotionEvent] ViewRootImpl windowName 'io.stillpage.app.debug/io.stillpage.app.ui.book.video.VideoPlayActivity', { action=ACTION_DOWN, id[0]=0, pointerCount=1, eventTime=390626889, downTime=390626889, phoneEventTime=16:08:28.189 } moveCount:0
2025-10-06 16:08:28.255 25097-25097 MIUIInput               io.stillpage.app.debug               I  [MotionEvent] ViewRootImpl windowName 'io.stillpage.app.debug/io.stillpage.app.ui.book.video.VideoPlayActivity', { action=ACTION_UP, id[0]=0, pointerCount=1, eventTime=390626954, downTime=390626889, phoneEventTime=16:08:28.255 } moveCount:0
2025-10-06 16:08:28.364 25097-25097 MIUIInput               io.stillpage.app.debug               I  [MotionEvent] ViewRootImpl windowName 'io.stillpage.app.debug/io.stillpage.app.ui.book.video.VideoPlayActivity', { action=ACTION_DOWN, id[0]=0, pointerCount=1, eventTime=390627063, downTime=390627063, phoneEventTime=16:08:28.363 } moveCount:0
2025-10-06 16:08:28.431 25097-25097 MIUIInput               io.stillpage.app.debug               I  [MotionEvent] ViewRootImpl windowName 'io.stillpage.app.debug/io.stillpage.app.ui.book.video.VideoPlayActivity', { action=ACTION_UP, id[0]=0, pointerCount=1, eventTime=390627129, downTime=390627063, phoneEventTime=16:08:28.429 } moveCount:0
2025-10-06 16:08:29.103 25097-25097 MIUIInput               io.stillpage.app.debug               I  [MotionEvent] ViewRootImpl windowName 'io.stillpage.app.debug/io.stillpage.app.ui.book.video.VideoPlayActivity', { action=ACTION_DOWN, id[0]=0, pointerCount=1, eventTime=390627800, downTime=390627800, phoneEventTime=16:08:29.100 } moveCount:0
2025-10-06 16:08:29.209 25097-25097 MIUIInput               io.stillpage.app.debug               I  [MotionEvent] ViewRootImpl windowName 'io.stillpage.app.debug/io.stillpage.app.ui.book.video.VideoPlayActivity', { action=ACTION_UP, id[0]=0, pointerCount=1, eventTime=390627906, downTime=390627800, phoneEventTime=16:08:29.206 } moveCount:0
2025-10-06 16:08:29.899 25097-25097 MIUIInput               io.stillpage.app.debug               I  [MotionEvent] ViewRootImpl windowName 'io.stillpage.app.debug/io.stillpage.app.ui.book.video.VideoPlayActivity', { action=ACTION_DOWN, id[0]=0, pointerCount=1, eventTime=390628597, downTime=390628597, phoneEventTime=16:08:29.898 } moveCount:0
2025-10-06 16:08:29.977 25097-25097 MIUIInput               io.stillpage.app.debug               I  [MotionEvent] ViewRootImpl windowName 'io.stillpage.app.debug/io.stillpage.app.ui.book.video.VideoPlayActivity', { action=ACTION_UP, id[0]=0, pointerCount=1, eventTime=390628675, downTime=390628597, phoneEventTime=16:08:29.975 } moveCount:0
2025-10-06 16:08:30.587 25097-25097 MIUIInput               io.stillpage.app.debug               I  [MotionEvent] ViewRootImpl windowName 'io.stillpage.app.debug/io.stillpage.app.ui.book.video.VideoPlayActivity', { action=ACTION_DOWN, id[0]=0, pointerCount=1, eventTime=390629285, downTime=390629285, phoneEventTime=16:08:30.585 } moveCount:0
2025-10-06 16:08:30.667 25097-25097 MIUIInput               io.stillpage.app.debug               I  [MotionEvent] ViewRootImpl windowName 'io.stillpage.app.debug/io.stillpage.app.ui.book.video.VideoPlayActivity', { action=ACTION_UP, id[0]=0, pointerCount=1, eventTime=390629365, downTime=390629285, phoneEventTime=16:08:30.665 } moveCount:6
2025-10-06 16:08:31.239 25097-32541 TrafficStats            io.stillpage.app.debug               D  tagSocket(176) with statsTag=0xffffffff, statsUid=-1
2025-10-06 16:08:31.479 25097-25097 MIUIInput               io.stillpage.app.debug               I  [MotionEvent] ViewRootImpl windowName 'io.stillpage.app.debug/io.stillpage.app.ui.book.video.VideoPlayActivity', { action=ACTION_DOWN, id[0]=0, pointerCount=1, eventTime=390630175, downTime=390630175, phoneEventTime=16:08:31.476 } moveCount:0
2025-10-06 16:08:31.489 25097-32509 TrafficStats            io.stillpage.app.debug               D  tagSocket(271) with statsTag=0xffffffff, statsUid=-1
2025-10-06 16:08:31.571 25097-25097 MIUIInput               io.stillpage.app.debug               I  [MotionEvent] ViewRootImpl windowName 'io.stillpage.app.debug/io.stillpage.app.ui.book.video.VideoPlayActivity', { action=ACTION_UP, id[0]=0, pointerCount=1, eventTime=390630270, downTime=390630175, phoneEventTime=16:08:31.571 } moveCount:0
2025-10-06 16:08:31.742 25097-31837 TrafficStats            io.stillpage.app.debug               D  tagSocket(272) with statsTag=0xffffffff, statsUid=-1
2025-10-06 16:08:31.993 25097-31836 TrafficStats            io.stillpage.app.debug               D  tagSocket(282) with statsTag=0xffffffff, statsUid=-1
2025-10-06 16:08:32.245 25097-31780 TrafficStats            io.stillpage.app.debug               D  tagSocket(290) with statsTag=0xffffffff, statsUid=-1
2025-10-06 16:08:32.292 25097-25097 MIUIInput               io.stillpage.app.debug               I  [MotionEvent] ViewRootImpl windowName 'io.stillpage.app.debug/io.stillpage.app.ui.book.video.VideoPlayActivity', { action=ACTION_DOWN, id[0]=0, pointerCount=1, eventTime=390630990, downTime=390630990, phoneEventTime=16:08:32.290 } moveCount:0
2025-10-06 16:08:32.380 25097-25097 MIUIInput               io.stillpage.app.debug               I  [MotionEvent] ViewRootImpl windowName 'io.stillpage.app.debug/io.stillpage.app.ui.book.video.VideoPlayActivity', { action=ACTION_UP, id[0]=0, pointerCount=1, eventTime=390631078, downTime=390630990, phoneEventTime=16:08:32.378 } moveCount:0
2025-10-06 16:08:32.496 25097-32346 TrafficStats            io.stillpage.app.debug               D  tagSocket(246) with statsTag=0xffffffff, statsUid=-1
