2025-10-06 16:08:32.747 25097-32349 TrafficStats            io.stillpage.app.debug               D  tagSocket(268) with statsTag=0xffffffff, statsUid=-1
2025-10-06 16:08:32.964 25097-25097 MIUIInput               io.stillpage.app.debug               I  [MotionEvent] ViewRootImpl windowName 'io.stillpage.app.debug/io.stillpage.app.ui.book.video.VideoPlayActivity', { action=ACTION_DOWN, id[0]=0, pointerCount=1, eventTime=390631662, downTime=390631662, phoneEventTime=16:08:32.963 } moveCount:0
2025-10-06 16:08:32.998 25097-31775 TrafficStats            io.stillpage.app.debug               D  tagSocket(318) with statsTag=0xffffffff, statsUid=-1
2025-10-06 16:08:33.070 25097-25097 MIUIInput               io.stillpage.app.debug               I  [MotionEvent] ViewRootImpl windowName 'io.stillpage.app.debug/io.stillpage.app.ui.book.video.VideoPlayActivity', { action=ACTION_UP, id[0]=0, pointerCount=1, eventTime=390631768, downTime=390631662, phoneEventTime=16:08:33.068 } moveCount:0
2025-10-06 16:08:33.248 25097-32388 TrafficStats            io.stillpage.app.debug               D  tagSocket(279) with statsTag=0xffffffff, statsUid=-1
2025-10-06 16:08:33.515 25097-25097 MIUIInput               io.stillpage.app.debug               I  [MotionEvent] ViewRootImpl windowName 'io.stillpage.app.debug/io.stillpage.app.ui.book.video.VideoPlayActivity', { action=ACTION_DOWN, id[0]=0, pointerCount=1, eventTime=390632212, downTime=390632212, phoneEventTime=16:08:33.513 } moveCount:0
2025-10-06 16:08:33.564 25097-25097 MIUIInput               io.stillpage.app.debug               I  [MotionEvent] ViewRootImpl windowName 'io.stillpage.app.debug/io.stillpage.app.ui.book.video.VideoPlayActivity', { action=ACTION_UP, id[0]=0, pointerCount=1, eventTime=390632263, downTime=390632212, phoneEventTime=16:08:33.564 } moveCount:0
2025-10-06 16:08:35.017 25097-25097 MIUIInput               io.stillpage.app.debug               I  [MotionEvent] ViewRootImpl windowName 'io.stillpage.app.debug/io.stillpage.app.ui.book.video.VideoPlayActivity', { action=ACTION_DOWN, id[0]=0, pointerCount=1, eventTime=390633707, downTime=390633707, phoneEventTime=16:08:35.007 } moveCount:0
2025-10-06 16:08:35.020 25097-25097 MIUIInput               io.stillpage.app.debug               I  [MotionEvent] ViewRootImpl windowName 'io.stillpage.app.debug/io.stillpage.app.ui.book.video.VideoPlayActivity', { action=ACTION_UP, id[0]=0, pointerCount=1, eventTime=390633714, downTime=390633707, phoneEventTime=16:08:35.015 } moveCount:0
2025-10-06 16:08:35.052 25097-25097 libc                    io.stillpage.app.debug               W  Access denied finding property "vendor.gpp.create_frc_extension"
2025-10-06 16:08:35.044 25097-25097 main                    io.stillpage.app.debug               W  type=1400 audit(0.0:313245): avc:  denied  { read } for  name="u:object_r:vendor_displayfeature_prop:s0" dev="tmpfs" ino=481 scontext=u:r:untrusted_app:s0:c33,c257,c512,c768 tcontext=u:object_r:vendor_displayfeature_prop:s0 tclass=file permissive=0 app=io.stillpage.app.debug
2025-10-06 16:08:35.052 25097-25097 VRI[PopupW...w:a84caf4] io.stillpage.app.debug               D  vri.reportNextDraw android.view.ViewRootImpl.performTraversals:4936 android.view.ViewRootImpl.doTraversal:3547 android.view.ViewRootImpl$TraversalRunnable.run:11558 android.view.Choreographer$CallbackRecord.run:1747 android.view.Choreographer$CallbackRecord.run:1756 
2025-10-06 16:08:35.052 25097-25097 VRI[PopupW...w:a84caf4] io.stillpage.app.debug               D  vri.Setup new sync=wmsSync-VRI[PopupWindow:a84caf4]#23
2025-10-06 16:08:35.053 25097-31631 HWUI                    io.stillpage.app.debug               D  makeCurrent grContext:0xb4000070b894a2b0 reset mTextureAvailable
2025-10-06 16:08:35.055 25097-25097 VRI[PopupW...w:a84caf4] io.stillpage.app.debug               D  vri.reportDrawFinished
2025-10-06 16:08:35.090 25097-25097 HandWritingStubImpl     io.stillpage.app.debug               I  refreshLastKeyboardType: 1
2025-10-06 16:08:35.090 25097-25097 HandWritingStubImpl     io.stillpage.app.debug               I  getCurrentKeyboardType: 1
2025-10-06 16:08:35.093 13063-13063 BaseInputMethodService  com.sohu.inputmethod.sogou.xiaomi    E  onStartInput app:io.stillpage.app.debug restarting:false
2025-10-06 16:08:36.842 25097-25097 MIUIInput               io.stillpage.app.debug               I  [MotionEvent] ViewRootImpl windowName 'PopupWindow:a84caf4', { action=ACTION_DOWN, id[0]=0, pointerCount=1, eventTime=390635540, downTime=390635540, phoneEventTime=16:08:36.840 } moveCount:0
2025-10-06 16:08:36.904 25097-25097 MIUIInput               io.stillpage.app.debug               I  [MotionEvent] ViewRootImpl windowName 'PopupWindow:a84caf4', { action=ACTION_UP, id[0]=0, pointerCount=1, eventTime=390635602, downTime=390635540, phoneEventTime=16:08:36.902 } moveCount:0
2025-10-06 16:08:36.907 25097-25097 WindowOnBackDispatcher  io.stillpage.app.debug               W  sendCancelIfRunning: isInProgress=false callback=android.view.ViewRootImpl$$ExternalSyntheticLambda12@7d79319
2025-10-06 16:08:36.912 25097-31631 HWUI                    io.stillpage.app.debug               D  endAllActiveAnimators on 0xb4000070c8d33b90 (RippleDrawable) with handle 0xb400006ed8a50a90
2025-10-06 16:08:36.916 25097-25097 main                    io.stillpage.app.debug               W  type=1400 audit(0.0:313246): avc:  denied  { read } for  name="u:object_r:vendor_displayfeature_prop:s0" dev="tmpfs" ino=481 scontext=u:r:untrusted_app:s0:c33,c257,c512,c768 tcontext=u:object_r:vendor_displayfeature_prop:s0 tclass=file permissive=0 app=io.stillpage.app.debug
2025-10-06 16:08:36.924 25097-25097 VRI[PopupW...w:a84caf4] io.stillpage.app.debug               D  vri.reportNextDraw android.view.ViewRootImpl.performTraversals:4936 android.view.ViewRootImpl.doTraversal:3547 android.view.ViewRootImpl$TraversalRunnable.run:11558 android.view.Choreographer$CallbackRecord.run:1747 android.view.Choreographer$CallbackRecord.run:1756 
2025-10-06 16:08:36.925 25097-25097 VRI[PopupW...w:a84caf4] io.stillpage.app.debug               D  vri.Setup new sync=wmsSync-VRI[PopupWindow:a84caf4]#25
2025-10-06 16:08:36.925 25097-25097 VRI[PopupW...w:a84caf4] io.stillpage.app.debug               D  vri.reportDrawFinished
2025-10-06 16:08:36.933 25097-25097 HandWritingStubImpl     io.stillpage.app.debug               I  refreshLastKeyboardType: 1
2025-10-06 16:08:36.933 25097-25097 HandWritingStubImpl     io.stillpage.app.debug               I  getCurrentKeyboardType: 1
2025-10-06 16:08:36.935 13063-13063 BaseInputMethodService  com.sohu.inputmethod.sogou.xiaomi    E  onStartInput app:io.stillpage.app.debug restarting:false
2025-10-06 16:08:36.947 25097-25097 HandWritingStubImpl     io.stillpage.app.debug               I  refreshLastKeyboardType: 1
2025-10-06 16:08:36.947 25097-25097 HandWritingStubImpl     io.stillpage.app.debug               I  getCurrentKeyboardType: 1
2025-10-06 16:08:36.949 13063-13063 BaseInputMethodService  com.sohu.inputmethod.sogou.xiaomi    E  onStartInput app:io.stillpage.app.debug restarting:false
2025-10-06 16:08:37.767 25097-25097 MIUIInput               io.stillpage.app.debug               I  [MotionEvent] ViewRootImpl windowName 'io.stillpage.app.debug/io.stillpage.app.ui.book.video.VideoPlayActivity', { action=ACTION_DOWN, id[0]=0, pointerCount=1, eventTime=390636464, downTime=390636464, phoneEventTime=16:08:37.764 } moveCount:0
2025-10-06 16:08:37.774 25097-25097 MIUIInput               io.stillpage.app.debug               I  [MotionEvent] ViewRootImpl windowName 'io.stillpage.app.debug/io.stillpage.app.ui.book.video.VideoPlayActivity', { action=ACTION_UP, id[0]=0, pointerCount=1, eventTime=390636471, downTime=390636464, phoneEventTime=16:08:37.772 } moveCount:0
2025-10-06 16:08:37.788 25097-25097 WindowOnBackDispatcher  io.stillpage.app.debug               W  sendCancelIfRunning: isInProgress=false callback=android.view.ViewRootImpl$$ExternalSyntheticLambda12@ddc2fd
2025-10-06 16:08:37.812 25097-25097 libc                    io.stillpage.app.debug               W  Access denied finding property "vendor.gpp.create_frc_extension"
2025-10-06 16:08:37.808 25097-25097 main                    io.stillpage.app.debug               W  type=1400 audit(0.0:313247): avc:  denied  { read } for  name="u:object_r:vendor_displayfeature_prop:s0" dev="tmpfs" ino=481 scontext=u:r:untrusted_app:s0:c33,c257,c512,c768 tcontext=u:object_r:vendor_displayfeature_prop:s0 tclass=file permissive=0 app=io.stillpage.app.debug
2025-10-06 16:08:37.813 25097-25097 VRI[PopupW...w:a84caf4] io.stillpage.app.debug               D  vri.reportNextDraw android.view.ViewRootImpl.performTraversals:4936 android.view.ViewRootImpl.doTraversal:3547 android.view.ViewRootImpl$TraversalRunnable.run:11558 android.view.Choreographer$CallbackRecord.run:1747 android.view.Choreographer$CallbackRecord.run:1756 
2025-10-06 16:08:37.813 25097-25097 VRI[PopupW...w:a84caf4] io.stillpage.app.debug               D  vri.Setup new sync=wmsSync-VRI[PopupWindow:a84caf4]#27
2025-10-06 16:08:37.814 25097-31631 HWUI                    io.stillpage.app.debug               D  makeCurrent grContext:0xb4000070b894a2b0 reset mTextureAvailable
2025-10-06 16:08:37.815 25097-25097 VRI[PopupW...w:a84caf4] io.stillpage.app.debug               D  vri.reportDrawFinished
2025-10-06 16:08:37.816 25097-25097 VRI[PopupW...w:a84caf4] io.stillpage.app.debug               D  vri.reportNextDraw android.view.ViewRootImpl.handleResized:2768 android.view.ViewRootImpl.-$$Nest$mhandleResized:0 android.view.ViewRootImpl$W.resized:12716 android.app.servertransaction.WindowStateResizeItem.execute:64 android.app.servertransaction.WindowStateTransactionItem.execute:59 
2025-10-06 16:08:37.816 25097-25097 VRI[PopupW...w:a84caf4] io.stillpage.app.debug               D  vri.Setup new sync=wmsSync-VRI[PopupWindow:a84caf4]#29
2025-10-06 16:08:37.817 25097-25097 VRI[PopupW...w:a84caf4] io.stillpage.app.debug               D  vri.reportDrawFinished
2025-10-06 16:08:37.818 25097-25097 HandWritingStubImpl     io.stillpage.app.debug               I  refreshLastKeyboardType: 1
2025-10-06 16:08:37.818 25097-25097 HandWritingStubImpl     io.stillpage.app.debug               I  getCurrentKeyboardType: 1
2025-10-06 16:08:37.823 13063-13063 BaseInputMethodService  com.sohu.inputmethod.sogou.xiaomi    E  onStartInput app:io.stillpage.app.debug restarting:false
2025-10-06 16:08:37.848 25097-25097 HandWritingStubImpl     io.stillpage.app.debug               I  refreshLastKeyboardType: 1
2025-10-06 16:08:37.848 25097-25097 HandWritingStubImpl     io.stillpage.app.debug               I  getCurrentKeyboardType: 1
2025-10-06 16:08:37.855 13063-13063 BaseInputMethodService  com.sohu.inputmethod.sogou.xiaomi    E  onStartInput app:io.stillpage.app.debug restarting:false
2025-10-06 16:08:38.574 25097-25097 MIUIInput               io.stillpage.app.debug               I  [MotionEvent] ViewRootImpl windowName 'PopupWindow:a84caf4', { action=ACTION_DOWN, id[0]=0, pointerCount=1, eventTime=390637272, downTime=390637272, phoneEventTime=16:08:38.572 } moveCount:0
2025-10-06 16:08:38.655 25097-25097 MIUIInput               io.stillpage.app.debug               I  [MotionEvent] ViewRootImpl windowName 'PopupWindow:a84caf4', { action=ACTION_UP, id[0]=0, pointerCount=1, eventTime=390637353, downTime=390637272, phoneEventTime=16:08:38.653 } moveCount:0
2025-10-06 16:08:38.666 25097-25097 WindowOnBackDispatcher  io.stillpage.app.debug               W  sendCancelIfRunning: isInProgress=false callback=android.view.ViewRootImpl$$ExternalSyntheticLambda12@2f88bb4
2025-10-06 16:08:38.667 25097-31631 HWUI                    io.stillpage.app.debug               D  endAllActiveAnimators on 0xb4000070c8927490 (RippleDrawable) with handle 0xb400006ed8a58ce0
2025-10-06 16:08:38.681 25097-25097 libc                    io.stillpage.app.debug               W  Access denied finding property "vendor.gpp.create_frc_extension"
2025-10-06 16:08:38.676 25097-25097 main                    io.stillpage.app.debug               W  type=1400 audit(0.0:313248): avc:  denied  { read } for  name="u:object_r:vendor_displayfeature_prop:s0" dev="tmpfs" ino=481 scontext=u:r:untrusted_app:s0:c33,c257,c512,c768 tcontext=u:object_r:vendor_displayfeature_prop:s0 tclass=file permissive=0 app=io.stillpage.app.debug
2025-10-06 16:08:38.681 25097-25097 VRI[PopupW...w:a84caf4] io.stillpage.app.debug               D  vri.reportNextDraw android.view.ViewRootImpl.performTraversals:4936 android.view.ViewRootImpl.doTraversal:3547 android.view.ViewRootImpl$TraversalRunnable.run:11558 android.view.Choreographer$CallbackRecord.run:1747 android.view.Choreographer$CallbackRecord.run:1756 
2025-10-06 16:08:38.681 25097-25097 VRI[PopupW...w:a84caf4] io.stillpage.app.debug               D  vri.Setup new sync=wmsSync-VRI[PopupWindow:a84caf4]#31
2025-10-06 16:08:38.682 25097-25097 VRI[PopupW...w:a84caf4] io.stillpage.app.debug               D  vri.reportDrawFinished
2025-10-06 16:08:38.691 25097-25097 HandWritingStubImpl     io.stillpage.app.debug               I  refreshLastKeyboardType: 1
2025-10-06 16:08:38.691 25097-25097 HandWritingStubImpl     io.stillpage.app.debug               I  getCurrentKeyboardType: 1
2025-10-06 16:08:38.698 13063-13063 BaseInputMethodService  com.sohu.inputmethod.sogou.xiaomi    E  onStartInput app:io.stillpage.app.debug restarting:false
2025-10-06 16:08:38.706 25097-25097 HandWritingStubImpl     io.stillpage.app.debug               I  refreshLastKeyboardType: 1
2025-10-06 16:08:38.706 25097-25097 HandWritingStubImpl     io.stillpage.app.debug               I  getCurrentKeyboardType: 1
2025-10-06 16:08:38.707 13063-13063 BaseInputMethodService  com.sohu.inputmethod.sogou.xiaomi    E  onStartInput app:io.stillpage.app.debug restarting:false
2025-10-06 16:08:39.217 25097-25097 MIUIInput               io.stillpage.app.debug               I  [MotionEvent] ViewRootImpl windowName 'io.stillpage.app.debug/io.stillpage.app.ui.book.video.VideoPlayActivity', { action=ACTION_DOWN, id[0]=0, pointerCount=1, eventTime=390637914, downTime=390637914, phoneEventTime=16:08:39.214 } moveCount:0
2025-10-06 16:08:39.222 25097-25097 MIUIInput               io.stillpage.app.debug               I  [MotionEvent] ViewRootImpl windowName 'io.stillpage.app.debug/io.stillpage.app.ui.book.video.VideoPlayActivity', { action=ACTION_UP, id[0]=0, pointerCount=1, eventTime=390637920, downTime=390637914, phoneEventTime=16:08:39.220 } moveCount:0
2025-10-06 16:08:39.231 25097-25097 WindowOnBackDispatcher  io.stillpage.app.debug               W  sendCancelIfRunning: isInProgress=false callback=android.view.ViewRootImpl$$ExternalSyntheticLambda12@6eb3e75
2025-10-06 16:08:39.247 25097-25097 libc                    io.stillpage.app.debug               W  Access denied finding property "vendor.gpp.create_frc_extension"
2025-10-06 16:08:39.240 25097-25097 main                    io.stillpage.app.debug               W  type=1400 audit(0.0:313249): avc:  denied  { read } for  name="u:object_r:vendor_displayfeature_prop:s0" dev="tmpfs" ino=481 scontext=u:r:untrusted_app:s0:c33,c257,c512,c768 tcontext=u:object_r:vendor_displayfeature_prop:s0 tclass=file permissive=0 app=io.stillpage.app.debug
2025-10-06 16:08:39.248 25097-25097 VRI[PopupW...w:a84caf4] io.stillpage.app.debug               D  vri.reportNextDraw android.view.ViewRootImpl.performTraversals:4936 android.view.ViewRootImpl.doTraversal:3547 android.view.ViewRootImpl$TraversalRunnable.run:11558 android.view.Choreographer$CallbackRecord.run:1747 android.view.Choreographer$CallbackRecord.run:1756 
2025-10-06 16:08:39.248 25097-25097 VRI[PopupW...w:a84caf4] io.stillpage.app.debug               D  vri.Setup new sync=wmsSync-VRI[PopupWindow:a84caf4]#33
2025-10-06 16:08:39.249 25097-31631 HWUI                    io.stillpage.app.debug               D  makeCurrent grContext:0xb4000070b894a2b0 reset mTextureAvailable
2025-10-06 16:08:39.250 25097-25097 VRI[PopupW...w:a84caf4] io.stillpage.app.debug               D  vri.reportDrawFinished
2025-10-06 16:08:39.251 25097-25097 VRI[PopupW...w:a84caf4] io.stillpage.app.debug               D  vri.reportNextDraw android.view.ViewRootImpl.handleResized:2768 android.view.ViewRootImpl.-$$Nest$mhandleResized:0 android.view.ViewRootImpl$W.resized:12716 android.app.servertransaction.WindowStateResizeItem.execute:64 android.app.servertransaction.WindowStateTransactionItem.execute:59 
2025-10-06 16:08:39.255 25097-25097 VRI[PopupW...w:a84caf4] io.stillpage.app.debug               D  vri.Setup new sync=wmsSync-VRI[PopupWindow:a84caf4]#35
2025-10-06 16:08:39.256 25097-25097 VRI[PopupW...w:a84caf4] io.stillpage.app.debug               D  vri.reportDrawFinished
2025-10-06 16:08:39.257 25097-25097 HandWritingStubImpl     io.stillpage.app.debug               I  refreshLastKeyboardType: 1
2025-10-06 16:08:39.257 25097-25097 HandWritingStubImpl     io.stillpage.app.debug               I  getCurrentKeyboardType: 1
2025-10-06 16:08:39.261 13063-13063 BaseInputMethodService  com.sohu.inputmethod.sogou.xiaomi    E  onStartInput app:io.stillpage.app.debug restarting:false
2025-10-06 16:08:39.290 25097-25097 HandWritingStubImpl     io.stillpage.app.debug               I  refreshLastKeyboardType: 1
2025-10-06 16:08:39.290 25097-25097 HandWritingStubImpl     io.stillpage.app.debug               I  getCurrentKeyboardType: 1
2025-10-06 16:08:39.294 13063-13063 BaseInputMethodService  com.sohu.inputmethod.sogou.xiaomi    E  onStartInput app:io.stillpage.app.debug restarting:false
2025-10-06 16:08:39.782 25097-25097 MIUIInput               io.stillpage.app.debug               I  [MotionEvent] ViewRootImpl windowName 'PopupWindow:a84caf4', { action=ACTION_DOWN, id[0]=0, pointerCount=1, eventTime=390638480, downTime=390638480, phoneEventTime=16:08:39.780 } moveCount:0
2025-10-06 16:08:39.848 25097-25097 MIUIInput               io.stillpage.app.debug               I  [MotionEvent] ViewRootImpl windowName 'PopupWindow:a84caf4', { action=ACTION_UP, id[0]=0, pointerCount=1, eventTime=390638546, downTime=390638480, phoneEventTime=16:08:39.846 } moveCount:0
2025-10-06 16:08:39.857 25097-25097 WindowOnBackDispatcher  io.stillpage.app.debug               W  sendCancelIfRunning: isInProgress=false callback=android.view.ViewRootImpl$$ExternalSyntheticLambda12@df7760c
2025-10-06 16:08:39.858 25097-31631 HWUI                    io.stillpage.app.debug               D  endAllActiveAnimators on 0xb4000070c8a79a80 (RippleDrawable) with handle 0xb400006ed8a5ff10
2025-10-06 16:08:39.864 25097-25097 main                    io.stillpage.app.debug               W  type=1400 audit(0.0:313250): avc:  denied  { read } for  name="u:object_r:vendor_displayfeature_prop:s0" dev="tmpfs" ino=481 scontext=u:r:untrusted_app:s0:c33,c257,c512,c768 tcontext=u:object_r:vendor_displayfeature_prop:s0 tclass=file permissive=0 app=io.stillpage.app.debug
2025-10-06 16:08:39.871 25097-25097 libc                    io.stillpage.app.debug               W  Access denied finding property "vendor.gpp.create_frc_extension"
2025-10-06 16:08:39.872 25097-25097 VRI[PopupW...w:a84caf4] io.stillpage.app.debug               D  vri.reportNextDraw android.view.ViewRootImpl.performTraversals:4936 android.view.ViewRootImpl.doTraversal:3547 android.view.ViewRootImpl$TraversalRunnable.run:11558 android.view.Choreographer$CallbackRecord.run:1747 android.view.Choreographer$CallbackRecord.run:1756 
2025-10-06 16:08:39.872 25097-25097 VRI[PopupW...w:a84caf4] io.stillpage.app.debug               D  vri.Setup new sync=wmsSync-VRI[PopupWindow:a84caf4]#37
2025-10-06 16:08:39.872 25097-25097 VRI[PopupW...w:a84caf4] io.stillpage.app.debug               D  vri.reportDrawFinished
2025-10-06 16:08:39.883 25097-25097 HandWritingStubImpl     io.stillpage.app.debug               I  refreshLastKeyboardType: 1
2025-10-06 16:08:39.883 25097-25097 HandWritingStubImpl     io.stillpage.app.debug               I  getCurrentKeyboardType: 1
2025-10-06 16:08:39.885 13063-13063 BaseInputMethodService  com.sohu.inputmethod.sogou.xiaomi    E  onStartInput app:io.stillpage.app.debug restarting:false
2025-10-06 16:08:39.898 25097-25097 HandWritingStubImpl     io.stillpage.app.debug               I  refreshLastKeyboardType: 1
2025-10-06 16:08:39.898 25097-25097 HandWritingStubImpl     io.stillpage.app.debug               I  getCurrentKeyboardType: 1
2025-10-06 16:08:39.902 13063-13063 BaseInputMethodService  com.sohu.inputmethod.sogou.xiaomi    E  onStartInput app:io.stillpage.app.debug restarting:false
2025-10-06 16:08:40.884 25097-25097 MIUIInput               io.stillpage.app.debug               I  [MotionEvent] ViewRootImpl windowName 'io.stillpage.app.debug/io.stillpage.app.ui.book.video.VideoPlayActivity', { action=ACTION_DOWN, id[0]=0, pointerCount=1, eventTime=390639581, downTime=390639581, phoneEventTime=16:08:40.882 } moveCount:0
2025-10-06 16:08:40.985 25097-25097 MIUIInput               io.stillpage.app.debug               I  [MotionEvent] ViewRootImpl windowName 'io.stillpage.app.debug/io.stillpage.app.ui.book.video.VideoPlayActivity', { action=ACTION_UP, id[0]=0, pointerCount=1, eventTime=390639683, downTime=390639581, phoneEventTime=16:08:40.984 } moveCount:8
2025-10-06 16:08:41.373 25097-25097 MIUIInput               io.stillpage.app.debug               I  [MotionEvent] ViewRootImpl windowName 'io.stillpage.app.debug/io.stillpage.app.ui.book.video.VideoPlayActivity', { action=ACTION_DOWN, id[0]=0, pointerCount=1, eventTime=390640070, downTime=390640070, phoneEventTime=16:08:41.371 } moveCount:0
2025-10-06 16:08:41.436 25097-25097 MIUIInput               io.stillpage.app.debug               I  [MotionEvent] ViewRootImpl windowName 'io.stillpage.app.debug/io.stillpage.app.ui.book.video.VideoPlayActivity', { action=ACTION_UP, id[0]=0, pointerCount=1, eventTime=390640135, downTime=390640070, phoneEventTime=16:08:41.436 } moveCount:4
2025-10-06 16:08:41.576 25097-25097 MIUIInput               io.stillpage.app.debug               I  [MotionEvent] ViewRootImpl windowName 'io.stillpage.app.debug/io.stillpage.app.ui.book.video.VideoPlayActivity', { action=ACTION_DOWN, id[0]=0, pointerCount=1, eventTime=390640274, downTime=390640274, phoneEventTime=16:08:41.574 } moveCount:0
2025-10-06 16:08:41.633 25097-25097 MIUIInput               io.stillpage.app.debug               I  [MotionEvent] ViewRootImpl windowName 'io.stillpage.app.debug/io.stillpage.app.ui.book.video.VideoPlayActivity', { action=ACTION_UP, id[0]=0, pointerCount=1, eventTime=390640331, downTime=390640274, phoneEventTime=16:08:41.631 } moveCount:0
2025-10-06 16:08:42.760 25097-25097 MIUIInput               io.stillpage.app.debug               I  [MotionEvent] ViewRootImpl windowName 'io.stillpage.app.debug/io.stillpage.app.ui.book.video.VideoPlayActivity', { action=ACTION_DOWN, id[0]=0, pointerCount=1, eventTime=390641457, downTime=390641457, phoneEventTime=16:08:42.757 } moveCount:0
2025-10-06 16:08:42.837 25097-25097 MIUIInput               io.stillpage.app.debug               I  [MotionEvent] ViewRootImpl windowName 'io.stillpage.app.debug/io.stillpage.app.ui.book.video.VideoPlayActivity', { action=ACTION_UP, id[0]=0, pointerCount=1, eventTime=390641534, downTime=390641457, phoneEventTime=16:08:42.835 } moveCount:0
2025-10-06 16:08:42.892 25097-25097 AbsListViewStubImpl     io.stillpage.app.debug               I  io.stillpage.app.debug, version: 1.0.863debug, Enable Prefetch: false
2025-10-06 16:08:42.913 25097-25097 libc                    io.stillpage.app.debug               W  Access denied finding property "vendor.gpp.create_frc_extension"
2025-10-06 16:08:42.908 25097-25097 main                    io.stillpage.app.debug               W  type=1400 audit(0.0:313251): avc:  denied  { read } for  name="u:object_r:vendor_displayfeature_prop:s0" dev="tmpfs" ino=481 scontext=u:r:untrusted_app:s0:c33,c257,c512,c768 tcontext=u:object_r:vendor_displayfeature_prop:s0 tclass=file permissive=0 app=io.stillpage.app.debug
2025-10-06 16:08:42.929 25097-25097 VRI[PopupW...w:c58bba0] io.stillpage.app.debug               D  vri.reportNextDraw android.view.ViewRootImpl.performTraversals:4936 android.view.ViewRootImpl.doTraversal:3547 android.view.ViewRootImpl$TraversalRunnable.run:11558 android.view.Choreographer$CallbackRecord.run:1747 android.view.Choreographer$CallbackRecord.run:1756 
2025-10-06 16:08:42.929 25097-25097 VRI[PopupW...w:c58bba0] io.stillpage.app.debug               D  vri.Setup new sync=wmsSync-VRI[PopupWindow:c58bba0]#39
2025-10-06 16:08:42.930 25097-31631 HWUI                    io.stillpage.app.debug               D  makeCurrent grContext:0xb4000070b894a2b0 reset mTextureAvailable
2025-10-06 16:08:42.934 25097-25097 VRI[PopupW...w:c58bba0] io.stillpage.app.debug               D  vri.reportDrawFinished
2025-10-06 16:08:42.938 25097-25097 VRI[PopupW...w:c58bba0] io.stillpage.app.debug               D  vri.reportNextDraw android.view.ViewRootImpl.handleResized:2768 android.view.ViewRootImpl.-$$Nest$mhandleResized:0 android.view.ViewRootImpl$W.resized:12716 android.app.servertransaction.WindowStateResizeItem.execute:64 android.app.servertransaction.WindowStateTransactionItem.execute:59 
2025-10-06 16:08:42.938 25097-25097 VRI[PopupW...w:c58bba0] io.stillpage.app.debug               D  vri.Setup new sync=wmsSync-VRI[PopupWindow:c58bba0]#41
2025-10-06 16:08:42.940 25097-25097 VRI[PopupW...w:c58bba0] io.stillpage.app.debug               D  vri.reportDrawFinished
2025-10-06 16:08:43.268 25097-32394 TrafficStats            io.stillpage.app.debug               D  tagSocket(272) with statsTag=0xffffffff, statsUid=-1
2025-10-06 16:08:43.519 25097-32388 TrafficStats            io.stillpage.app.debug               D  tagSocket(279) with statsTag=0xffffffff, statsUid=-1
2025-10-06 16:08:43.770 25097-31775 TrafficStats            io.stillpage.app.debug               D  tagSocket(282) with statsTag=0xffffffff, statsUid=-1
2025-10-06 16:08:44.022 25097-32349 TrafficStats            io.stillpage.app.debug               D  tagSocket(373) with statsTag=0xffffffff, statsUid=-1
2025-10-06 16:08:44.274 25097-32346 TrafficStats            io.stillpage.app.debug               D  tagSocket(595) with statsTag=0xffffffff, statsUid=-1
2025-10-06 16:08:44.524 25097-31780 TrafficStats            io.stillpage.app.debug               D  tagSocket(294) with statsTag=0xffffffff, statsUid=-1
2025-10-06 16:08:44.775 25097-31836 TrafficStats            io.stillpage.app.debug               D  tagSocket(4) with statsTag=0xffffffff, statsUid=-1
2025-10-06 16:08:45.025 25097-31837 TrafficStats            io.stillpage.app.debug               D  tagSocket(565) with statsTag=0xffffffff, statsUid=-1
2025-10-06 16:08:45.275 25097-32509 TrafficStats            io.stillpage.app.debug               D  tagSocket(596) with statsTag=0xffffffff, statsUid=-1
2025-10-06 16:08:48.922 25097-25097 MIUIInput               io.stillpage.app.debug               I  [MotionEvent] ViewRootImpl windowName 'PopupWindow:c58bba0', { action=ACTION_DOWN, id[0]=0, pointerCount=1, eventTime=390647619, downTime=390647619, phoneEventTime=16:08:48.919 } moveCount:0
2025-10-06 16:08:48.971 25097-25097 HandWritingStubImpl     io.stillpage.app.debug               I  refreshLastKeyboardType: 1
2025-10-06 16:08:48.971 25097-25097 HandWritingStubImpl     io.stillpage.app.debug               I  getCurrentKeyboardType: 1
2025-10-06 16:08:48.974 13063-13063 BaseInputMethodService  com.sohu.inputmethod.sogou.xiaomi    E  onStartInput app:io.stillpage.app.debug restarting:false
2025-10-06 16:08:49.027 25097-25097 MIUIInput               io.stillpage.app.debug               I  [MotionEvent] ViewRootImpl windowName 'PopupWindow:c58bba0', { action=ACTION_UP, id[0]=0, pointerCount=1, eventTime=390647725, downTime=390647619, phoneEventTime=16:08:49.025 } moveCount:0
2025-10-06 16:08:49.254 25097-25097 WindowOnBackDispatcher  io.stillpage.app.debug               W  sendCancelIfRunning: isInProgress=false callback=android.view.ViewRootImpl$$ExternalSyntheticLambda12@3ce462c
2025-10-06 16:08:51.330 25097-25097 StillPage               io.stillpage.app.debug               I  AppLog VideoPlayActivity: é¢„æ£€æœªé€šè¿‡ä¸”å—…æ¢å¤±è´¥ï¼Œä»å°è¯•åŸé“¾æ¥
2025-10-06 16:08:51.330 25097-25097 io.stillpa...ant.AppLog io.stillpage.app.debug               E  VideoPlayActivity: é¢„æ£€æœªé€šè¿‡ä¸”å—…æ¢å¤±è´¥ï¼Œä»å°è¯•åŸé“¾æ¥
2025-10-06 16:08:51.341 25097-25097 StillPage               io.stillpage.app.debug               I  AppLog VideoPlayActivity: æ­£åœ¨ç¼“å†²
2025-10-06 16:08:51.341 25097-25097 io.stillpa...ant.AppLog io.stillpage.app.debug               E  VideoPlayActivity: æ­£åœ¨ç¼“å†²
2025-10-06 16:08:51.391 25097-32541 TrafficStats            io.stillpage.app.debug               D  tagSocket(271) with statsTag=0xffffffff, statsUid=-1
2025-10-06 16:08:54.496 25097-25097 MIUIInput               io.stillpage.app.debug               I  [MotionEvent] ViewRootImpl windowName 'io.stillpage.app.debug/io.stillpage.app.ui.book.video.VideoPlayActivity', { action=ACTION_DOWN, id[0]=0, pointerCount=1, eventTime=390653195, downTime=390653195, phoneEventTime=16:08:54.496 } moveCount:0
2025-10-06 16:08:54.566 25097-25097 MIUIInput               io.stillpage.app.debug               I  [MotionEvent] ViewRootImpl windowName 'io.stillpage.app.debug/io.stillpage.app.ui.book.video.VideoPlayActivity', { action=ACTION_UP, id[0]=0, pointerCount=1, eventTime=390653265, downTime=390653195, phoneEventTime=16:08:54.566 } moveCount:0
2025-10-06 16:08:55.292 25097-31837 TrafficStats            io.stillpage.app.debug               D  tagSocket(4) with statsTag=0xffffffff, statsUid=-1
2025-10-06 16:08:55.419 25097-25097 MIUIInput               io.stillpage.app.debug               I  [MotionEvent] ViewRootImpl windowName 'io.stillpage.app.debug/io.stillpage.app.ui.book.video.VideoPlayActivity', { action=ACTION_DOWN, id[0]=0, pointerCount=1, eventTime=390654116, downTime=390654116, phoneEventTime=16:08:55.416 } moveCount:0
2025-10-06 16:08:55.498 25097-25097 MIUIInput               io.stillpage.app.debug               I  [MotionEvent] ViewRootImpl windowName 'io.stillpage.app.debug/io.stillpage.app.ui.book.video.VideoPlayActivity', { action=ACTION_UP, id[0]=0, pointerCount=1, eventTime=390654196, downTime=390654116, phoneEventTime=16:08:55.496 } moveCount:0
2025-10-06 16:08:55.543 25097-32509 TrafficStats            io.stillpage.app.debug               D  tagSocket(276) with statsTag=0xffffffff, statsUid=-1
2025-10-06 16:08:55.794 25097-31836 TrafficStats            io.stillpage.app.debug               D  tagSocket(282) with statsTag=0xffffffff, statsUid=-1
2025-10-06 16:08:56.045 25097-32541 TrafficStats            io.stillpage.app.debug               D  tagSocket(290) with statsTag=0xffffffff, statsUid=-1
2025-10-06 16:08:56.295 25097-31780 TrafficStats            io.stillpage.app.debug               D  tagSocket(294) with statsTag=0xffffffff, statsUid=-1
2025-10-06 16:08:56.546 25097-32346 TrafficStats            io.stillpage.app.debug               D  tagSocket(298) with statsTag=0xffffffff, statsUid=-1
2025-10-06 16:08:56.797 25097-32349 TrafficStats            io.stillpage.app.debug               D  tagSocket(299) with statsTag=0xffffffff, statsUid=-1
2025-10-06 16:08:57.047 25097-31775 TrafficStats            io.stillpage.app.debug               D  tagSocket(301) with statsTag=0xffffffff, statsUid=-1
2025-10-06 16:08:57.298 25097-32388 TrafficStats            io.stillpage.app.debug               D  tagSocket(302) with statsTag=0xffffffff, statsUid=-1
2025-10-06 16:09:06.436 25097-32661 ExoPlayerImplInternal   io.stillpage.app.debug               E  Playback error
                                                                                                      androidx.media3.exoplayer.ExoPlaybackException: Source error
                                                                                                          at androidx.media3.exoplayer.ExoPlayerImplInternal.handleIoException(ExoPlayerImplInternal.java:864)
                                                                                                          at androidx.media3.exoplayer.ExoPlayerImplInternal.handleMessage(ExoPlayerImplInternal.java:834)
                                                                                                          at android.os.Handler.dispatchMessage(Handler.java:103)
                                                                                                          at android.os.Looper.loopOnce(Looper.java:249)
                                                                                                          at android.os.Looper.loop(Looper.java:337)
                                                                                                          at android.os.HandlerThread.run(HandlerThread.java:85)
                                                                                                      Caused by: androidx.media3.exoplayer.source.UnrecognizedInputFormatException: None of the available extractors (FlvExtractor, FlacExtractor, WavExtractor, FragmentedMp4Extractor, Mp4Extractor, AmrExtractor, PsExtractor, OggExtractor, TsExtractor, MatroskaExtractor, AdtsExtractor, Ac3Extractor, Ac4Extractor, Mp3Extractor, AviExtractor, JpegExtractor, PngExtractor, WebpExtractor, BmpExtractor, HeifExtractor, AvifExtractor) could read the stream. {contentIsMalformed=false, dataType=1}
                                                                                                          at androidx.media3.exoplayer.source.BundledExtractorsAdapter.init(BundledExtractorsAdapter.java:108)
                                                                                                          at androidx.media3.exoplayer.source.ProgressiveMediaPeriod$ExtractingLoadable.load(ProgressiveMediaPeriod.java:1124)
                                                                                                          at androidx.media3.exoplayer.upstream.Loader$LoadTask.run(Loader.java:453)
                                                                                                          at java.util.concurrent.ThreadPoolExecutor.runWorker(ThreadPoolExecutor.java:1251)
                                                                                                          at java.util.concurrent.ThreadPoolExecutor$Worker.run(ThreadPoolExecutor.java:668)
                                                                                                          at java.lang.Thread.run(Thread.java:1012)
2025-10-06 16:09:06.438 25097-25097 StillPage               io.stillpage.app.debug               I  AppLog VideoPlayActivity: æ’­æ”¾å‡ºé”™ Source error
                                                                                                    androidx.media3.exoplayer.ExoPlaybackException: Source error
                                                                                                    	at androidx.media3.exoplayer.ExoPlayerImplInternal.handleIoException(ExoPlayerImplInternal.java:864)
                                                                                                    	at androidx.media3.exoplayer.ExoPlayerImplInternal.handleMessage(ExoPlayerImplInternal.java:834)
                                                                                                    	at android.os.Handler.dispatchMessage(Handler.java:103)
                                                                                                    	at android.os.Looper.loopOnce(Looper.java:249)
                                                                                                    	at android.os.Looper.loop(Looper.java:337)
                                                                                                    	at android.os.HandlerThread.run(HandlerThread.java:85)
                                                                                                    Caused by: androidx.media3.exoplayer.source.UnrecognizedInputFormatException: None of the available extractors (FlvExtractor, FlacExtractor, WavExtractor, FragmentedMp4Extractor, Mp4Extractor, AmrExtractor, PsExtractor, OggExtractor, TsExtractor, MatroskaExtractor, AdtsExtractor, Ac3Extractor, Ac4Extractor, Mp3Extractor, AviExtractor, JpegExtractor, PngExtractor, WebpExtractor, BmpExtractor, HeifExtractor, AvifExtractor) could read the stream. {contentIsMalformed=false, dataType=1}
                                                                                                    	at androidx.media3.exoplayer.source.BundledExtractorsAdapter.init(BundledExtractorsAdapter.java:108)
                                                                                                    	at androidx.media3.exoplayer.source.ProgressiveMediaPeriod$ExtractingLoadable.load(ProgressiveMediaPeriod.java:1124)
                                                                                                    	at androidx.media3.exoplayer.upstream.Loader$LoadTask.run(Loader.java:453)
                                                                                                    	at java.util.concurrent.ThreadPoolExecutor.runWorker(ThreadPoolExecutor.java:1251)
                                                                                                    	at java.util.concurrent.ThreadPoolExecutor$Worker.run(ThreadPoolExecutor.java:668)
                                                                                                    	at java.lang.Thread.run(Thread.java:1012)
2025-10-06 16:09:06.438 25097-25097 io.stillpa...ant.AppLog io.stillpage.app.debug               E  VideoPlayActivity: æ’­æ”¾å‡ºé”™ Source error
                                                                                                    androidx.media3.exoplayer.ExoPlaybackException: Source error
                                                                                                    	at androidx.media3.exoplayer.ExoPlayerImplInternal.handleIoException(ExoPlayerImplInternal.java:864)
                                                                                                    	at androidx.media3.exoplayer.ExoPlayerImplInternal.handleMessage(ExoPlayerImplInternal.java:834)
                                                                                                    	at android.os.Handler.dispatchMessage(Handler.java:103)
                                                                                                    	at android.os.Looper.loopOnce(Looper.java:249)
                                                                                                    	at android.os.Looper.loop(Looper.java:337)
                                                                                                    	at android.os.HandlerThread.run(HandlerThread.java:85)
                                                                                                    Caused by: androidx.media3.exoplayer.source.UnrecognizedInputFormatException: None of the available extractors (FlvExtractor, FlacExtractor, WavExtractor, FragmentedMp4Extractor, Mp4Extractor, AmrExtractor, PsExtractor, OggExtractor, TsExtractor, MatroskaExtractor, AdtsExtractor, Ac3Extractor, Ac4Extractor, Mp3Extractor, AviExtractor, JpegExtractor, PngExtractor, WebpExtractor, BmpExtractor, HeifExtractor, AvifExtractor) could read the stream. {contentIsMalformed=false, dataType=1}
                                                                                                    	at androidx.media3.exoplayer.source.BundledExtractorsAdapter.init(BundledExtractorsAdapter.java:108)
                                                                                                    	at androidx.media3.exoplayer.source.ProgressiveMediaPeriod$ExtractingLoadable.load(ProgressiveMediaPeriod.java:1124)
                                                                                                    	at androidx.media3.exoplayer.upstream.Loader$LoadTask.run(Loader.java:453)
                                                                                                    	at java.util.concurrent.ThreadPoolExecutor.runWorker(ThreadPoolExecutor.java:1251)
                                                                                                    	at java.util.concurrent.ThreadPoolExecutor$Worker.run(ThreadPoolExecutor.java:668)
                                                                                                    	at java.lang.Thread.run(Thread.java:1012)
2025-10-06 16:09:06.439 25097-25097 StillPage               io.stillpage.app.debug               I  AppLog VideoPlayActivity: é”™è¯¯åˆ†ç±» = unknown
2025-10-06 16:09:06.439 25097-25097 io.stillpa...ant.AppLog io.stillpage.app.debug               E  VideoPlayActivity: é”™è¯¯åˆ†ç±» = unknown
2025-10-06 16:09:06.439 25097-25097 StillPage               io.stillpage.app.debug               I  AppLog VideoPlayActivity: è‡ªåŠ¨é‡è¯• ç¬¬1æ¬¡
2025-10-06 16:09:06.439 25097-25097 io.stillpa...ant.AppLog io.stillpage.app.debug               E  VideoPlayActivity: è‡ªåŠ¨é‡è¯• ç¬¬1æ¬¡
2025-10-06 16:09:06.440 25097-25097 StillPage               io.stillpage.app.debug               I  AppLog VideoPlayActivity: ç©ºé—²
2025-10-06 16:09:06.440 25097-25097 io.stillpa...ant.AppLog io.stillpage.app.debug               E  VideoPlayActivity: ç©ºé—²
2025-10-06 16:09:07.242 25097-25097 StillPage               io.stillpage.app.debug               I  AppLog VideoPlayActivity: æ­£åœ¨ç¼“å†²
2025-10-06 16:09:07.242 25097-25097 io.stillpa...ant.AppLog io.stillpage.app.debug               E  VideoPlayActivity: æ­£åœ¨ç¼“å†²
2025-10-06 16:09:07.317 25097-32541 TrafficStats            io.stillpage.app.debug               D  tagSocket(246) with statsTag=0xffffffff, statsUid=-1
2025-10-06 16:09:07.567 25097-32388 TrafficStats            io.stillpage.app.debug               D  tagSocket(299) with statsTag=0xffffffff, statsUid=-1
2025-10-06 16:09:07.818 25097-31775 TrafficStats            io.stillpage.app.debug               D  tagSocket(290) with statsTag=0xffffffff, statsUid=-1
2025-10-06 16:09:08.069 25097-32349 TrafficStats            io.stillpage.app.debug               D  tagSocket(276) with statsTag=0xffffffff, statsUid=-1
2025-10-06 16:09:08.319 25097-32346 TrafficStats            io.stillpage.app.debug               D  tagSocket(282) with statsTag=0xffffffff, statsUid=-1
2025-10-06 16:09:08.570 25097-31780 TrafficStats            io.stillpage.app.debug               D  tagSocket(294) with statsTag=0xffffffff, statsUid=-1
2025-10-06 16:09:08.820 25097-574   TrafficStats            io.stillpage.app.debug               D  tagSocket(298) with statsTag=0xffffffff, statsUid=-1
2025-10-06 16:09:09.071 25097-31836 TrafficStats            io.stillpage.app.debug               D  tagSocket(301) with statsTag=0xffffffff, statsUid=-1
2025-10-06 16:09:09.322 25097-32509 TrafficStats            io.stillpage.app.debug               D  tagSocket(302) with statsTag=0xffffffff, statsUid=-1
2025-10-06 16:09:19.336 25097-32394 TrafficStats            io.stillpage.app.debug               D  tagSocket(294) with statsTag=0xffffffff, statsUid=-1
2025-10-06 16:09:19.587 25097-32509 TrafficStats            io.stillpage.app.debug               D  tagSocket(276) with statsTag=0xffffffff, statsUid=-1
2025-10-06 16:09:19.837 25097-31836 TrafficStats            io.stillpage.app.debug               D  tagSocket(278) with statsTag=0xffffffff, statsUid=-1
2025-10-06 16:09:20.035 25097-32661 ExoPlayerImplInternal   io.stillpage.app.debug               E  Playback error
                                                                                                      androidx.media3.exoplayer.ExoPlaybackException: Source error
                                                                                                          at androidx.media3.exoplayer.ExoPlayerImplInternal.handleIoException(ExoPlayerImplInternal.java:864)
                                                                                                          at androidx.media3.exoplayer.ExoPlayerImplInternal.handleMessage(ExoPlayerImplInternal.java:834)
                                                                                                          at android.os.Handler.dispatchMessage(Handler.java:103)
                                                                                                          at android.os.Looper.loopOnce(Looper.java:249)
                                                                                                          at android.os.Looper.loop(Looper.java:337)
                                                                                                          at android.os.HandlerThread.run(HandlerThread.java:85)
                                                                                                      Caused by: androidx.media3.exoplayer.source.UnrecognizedInputFormatException: None of the available extractors (FlvExtractor, FlacExtractor, WavExtractor, FragmentedMp4Extractor, Mp4Extractor, AmrExtractor, PsExtractor, OggExtractor, TsExtractor, MatroskaExtractor, AdtsExtractor, Ac3Extractor, Ac4Extractor, Mp3Extractor, AviExtractor, JpegExtractor, PngExtractor, WebpExtractor, BmpExtractor, HeifExtractor, AvifExtractor) could read the stream. {contentIsMalformed=false, dataType=1}
                                                                                                          at androidx.media3.exoplayer.source.BundledExtractorsAdapter.init(BundledExtractorsAdapter.java:108)
                                                                                                          at androidx.media3.exoplayer.source.ProgressiveMediaPeriod$ExtractingLoadable.load(ProgressiveMediaPeriod.java:1124)
                                                                                                          at androidx.media3.exoplayer.upstream.Loader$LoadTask.run(Loader.java:453)
                                                                                                          at java.util.concurrent.ThreadPoolExecutor.runWorker(ThreadPoolExecutor.java:1251)
                                                                                                          at java.util.concurrent.ThreadPoolExecutor$Worker.run(ThreadPoolExecutor.java:668)
                                                                                                          at java.lang.Thread.run(Thread.java:1012)
2025-10-06 16:09:20.036 25097-25097 StillPage               io.stillpage.app.debug               I  AppLog VideoPlayActivity: æ’­æ”¾å‡ºé”™ Source error
                                                                                                    androidx.media3.exoplayer.ExoPlaybackException: Source error
                                                                                                    	at androidx.media3.exoplayer.ExoPlayerImplInternal.handleIoException(ExoPlayerImplInternal.java:864)
                                                                                                    	at androidx.media3.exoplayer.ExoPlayerImplInternal.handleMessage(ExoPlayerImplInternal.java:834)
                                                                                                    	at android.os.Handler.dispatchMessage(Handler.java:103)
                                                                                                    	at android.os.Looper.loopOnce(Looper.java:249)
                                                                                                    	at android.os.Looper.loop(Looper.java:337)
                                                                                                    	at android.os.HandlerThread.run(HandlerThread.java:85)
                                                                                                    Caused by: androidx.media3.exoplayer.source.UnrecognizedInputFormatException: None of the available extractors (FlvExtractor, FlacExtractor, WavExtractor, FragmentedMp4Extractor, Mp4Extractor, AmrExtractor, PsExtractor, OggExtractor, TsExtractor, MatroskaExtractor, AdtsExtractor, Ac3Extractor, Ac4Extractor, Mp3Extractor, AviExtractor, JpegExtractor, PngExtractor, WebpExtractor, BmpExtractor, HeifExtractor, AvifExtractor) could read the stream. {contentIsMalformed=false, dataType=1}
                                                                                                    	at androidx.media3.exoplayer.source.BundledExtractorsAdapter.init(BundledExtractorsAdapter.java:108)
                                                                                                    	at androidx.media3.exoplayer.source.ProgressiveMediaPeriod$ExtractingLoadable.load(ProgressiveMediaPeriod.java:1124)
                                                                                                    	at androidx.media3.exoplayer.upstream.Loader$LoadTask.run(Loader.java:453)
                                                                                                    	at java.util.concurrent.ThreadPoolExecutor.runWorker(ThreadPoolExecutor.java:1251)
                                                                                                    	at java.util.concurrent.ThreadPoolExecutor$Worker.run(ThreadPoolExecutor.java:668)
                                                                                                    	at java.lang.Thread.run(Thread.java:1012)
2025-10-06 16:09:20.037 25097-25097 io.stillpa...ant.AppLog io.stillpage.app.debug               E  VideoPlayActivity: æ’­æ”¾å‡ºé”™ Source error
                                                                                                    androidx.media3.exoplayer.ExoPlaybackException: Source error
